<html>
<body>
<pre>
<h1>µVision Build Log</h1>
<h2>Project:</h2>
C:\Users\youqilin\Desktop\Ã¤ÎÄ\STM32\USB_HID_STM32\RVMDK\Project.uvproj
Project File Date:  07/18/2015

<h2>Output:</h2>
Build target 'Project'
assembling startup_stm32f10x_hd.s...
compiling exti.c...
linking...
Program Size: Code=9500 RO-data=812 RW-data=312 ZI-data=2144  
FromELF: creating hex file...
".\Output\Project.axf" - 0 Error(s), 0 Warning(s).
Build target 'Project'
assembling startup_stm32f10x_hd.s...
compiling exti.c...
linking...
Program Size: Code=9500 RO-data=812 RW-data=312 ZI-data=2144  
FromELF: creating hex file...
".\Output\Project.axf" - 0 Error(s), 0 Warning(s).
Build target 'Project'
assembling startup_stm32f10x_hd.s...
compiling main.c...
..\User\main.c(28): error:  #11-D: unrecognized preprocessing directive
..\User\main.c(64): warning:  #223-D: function "EXTI_PD2_Config" declared implicitly
..\User\main.c(46): warning:  #550-D: variable "BrailleDots" was set but never used
..\User\main.c(46): warning:  #550-D: variable "InPacket" was set but never used
Target not created
Build target 'Project'
assembling startup_stm32f10x_hd.s...
compiling main.c...
..\User\main.c(28): error:  #11-D: unrecognized preprocessing directive
..\User\main.c(64): warning:  #223-D: function "EXTI_PD2_Config" declared implicitly
..\User\main.c(46): warning:  #550-D: variable "BrailleDots" was set but never used
..\User\main.c(46): warning:  #550-D: variable "InPacket" was set but never used
Target not created
Build target 'Project'
assembling startup_stm32f10x_hd.s...
compiling main.c...
..\User\main.c(28): error:  #11-D: unrecognized preprocessing directive
..\User\main.c(64): warning:  #223-D: function "EXTI_PD2_Config" declared implicitly
..\User\main.c(46): warning:  #550-D: variable "BrailleDots" was set but never used
..\User\main.c(46): warning:  #550-D: variable "InPacket" was set but never used
Target not created
Build target 'Project'
assembling startup_stm32f10x_hd.s...
compiling main.c...
..\User\main.c(29): error:  #11-D: unrecognized preprocessing directive
..\User\main.c(48): warning:  #550-D: variable "BrailleDots" was set but never used
..\User\main.c(48): warning:  #550-D: variable "InPacket" was set but never used
Target not created
Build target 'Project'
assembling startup_stm32f10x_hd.s...
compiling main.c...
..\User\main.c(48): warning:  #550-D: variable "BrailleDots" was set but never used
..\User\main.c(48): warning:  #550-D: variable "InPacket" was set but never used
linking...
Program Size: Code=9500 RO-data=812 RW-data=312 ZI-data=2144  
FromELF: creating hex file...
".\Output\Project.axf" - 0 Error(s), 2 Warning(s).
Build target 'Project'
assembling startup_stm32f10x_hd.s...
compiling main.c...
..\User\main.c(47): warning:  #550-D: variable "BrailleDots" was set but never used
..\User\main.c(47): warning:  #550-D: variable "InPacket" was set but never used
linking...
Program Size: Code=9500 RO-data=812 RW-data=312 ZI-data=2144  
FromELF: creating hex file...
".\Output\Project.axf" - 0 Error(s), 2 Warning(s).
Rebuild target 'Project'
assembling startup_stm32f10x_hd.s...
compiling system_stm32f10x.c...
compiling core_cm3.c...
compiling misc.c...
compiling stm32f10x_adc.c...
compiling stm32f10x_bkp.c...
compiling stm32f10x_can.c...
compiling stm32f10x_cec.c...
compiling stm32f10x_crc.c...
compiling stm32f10x_dac.c...
compiling stm32f10x_dbgmcu.c...
compiling stm32f10x_dma.c...
compiling stm32f10x_exti.c...
compiling stm32f10x_flash.c...
compiling stm32f10x_fsmc.c...
compiling stm32f10x_gpio.c...
compiling stm32f10x_i2c.c...
compiling stm32f10x_iwdg.c...
compiling stm32f10x_pwr.c...
compiling stm32f10x_rcc.c...
compiling stm32f10x_rtc.c...
compiling stm32f10x_sdio.c...
compiling stm32f10x_spi.c...
compiling stm32f10x_tim.c...
compiling stm32f10x_usart.c...
compiling stm32f10x_wwdg.c...
compiling otgd_fs_cal.c...
compiling otgd_fs_dev.c...
compiling otgd_fs_int.c...
compiling otgd_fs_pcd.c...
compiling usb_core.c...
compiling usb_init.c...
compiling usb_int.c...
compiling usb_mem.c...
compiling usb_regs.c...
compiling usb_sil.c...
compiling hw_config.c...
compiling usb_desc.c...
compiling usb_endp.c...
compiling usb_istr.c...
compiling usb_prop.c...
compiling usb_pwr.c...
compiling usbio.c...
compiling oled.c...
compiling delay.c...
compiling main.c...
..\User\main.c(47): warning:  #550-D: variable "BrailleDots" was set but never used
..\User\main.c(47): warning:  #550-D: variable "InPacket" was set but never used
compiling stm32f10x_it.c...
compiling usart.c...
compiling blooth.c...
compiling 51GP.c...
compiling PowerControl.c...
compiling adc.c...
compiling keyscan.c...
compiling exti.c...
linking...
Program Size: Code=9500 RO-data=812 RW-data=312 ZI-data=2144  
FromELF: creating hex file...
".\Output\Project.axf" - 0 Error(s), 2 Warning(s).
Build target 'Project'
assembling startup_stm32f10x_hd.s...
linking...
Program Size: Code=9500 RO-data=812 RW-data=312 ZI-data=2144  
FromELF: creating hex file...
".\Output\Project.axf" - 0 Error(s), 0 Warning(s).
