<html>
<body>
<pre>
<h1>µVision Build Log</h1>
<h2>Project:</h2>
C:\Users\youqilin\Desktop\Ã¤ÎÄ\STM32\USB_HID_STM32\RVMDK\Project.uvproj
Project File Date:  07/21/2015

<h2>Output:</h2>
Build target 'Project'
assembling startup_stm32f10x_hd.s...
compiling main.c...
..\User\main.c(60): warning:  #550-D: variable "BrailleDots" was set but never used
..\User\main.c(60): warning:  #550-D: variable "InPacket" was set but never used
linking...
Program Size: Code=13048 RO-data=3472 RW-data=320 ZI-data=2144  
FromELF: creating hex file...
".\Output\Project.axf" - 0 Error(s), 2 Warning(s).
