ARM Linker, 4.1 [Build 894] [Standard]

==============================================================================

Section Cross References

    startup_stm32f10x_hd.o(RESET) refers to startup_stm32f10x_hd.o(STACK) for __initial_sp
    startup_stm32f10x_hd.o(RESET) refers to startup_stm32f10x_hd.o(.text) for Reset_Handler
    startup_stm32f10x_hd.o(RESET) refers to stm32f10x_it.o(i.NMI_Handler) for NMI_Handler
    startup_stm32f10x_hd.o(RESET) refers to stm32f10x_it.o(i.HardFault_Handler) for HardFault_Handler
    startup_stm32f10x_hd.o(RESET) refers to stm32f10x_it.o(i.MemManage_Handler) for MemManage_Handler
    startup_stm32f10x_hd.o(RESET) refers to stm32f10x_it.o(i.BusFault_Handler) for BusFault_Handler
    startup_stm32f10x_hd.o(RESET) refers to stm32f10x_it.o(i.UsageFault_Handler) for UsageFault_Handler
    startup_stm32f10x_hd.o(RESET) refers to stm32f10x_it.o(i.SVC_Handler) for SVC_Handler
    startup_stm32f10x_hd.o(RESET) refers to stm32f10x_it.o(i.DebugMon_Handler) for DebugMon_Handler
    startup_stm32f10x_hd.o(RESET) refers to stm32f10x_it.o(i.PendSV_Handler) for PendSV_Handler
    startup_stm32f10x_hd.o(RESET) refers to stm32f10x_it.o(i.SysTick_Handler) for SysTick_Handler
    startup_stm32f10x_hd.o(RESET) refers to stm32f10x_it.o(i.USB_LP_CAN1_RX0_IRQHandler) for USB_LP_CAN1_RX0_IRQHandler
    startup_stm32f10x_hd.o(.text) refers to system_stm32f10x.o(i.SystemInit) for SystemInit
    startup_stm32f10x_hd.o(.text) refers to entry.o(.ARM.Collect$$$$00000000) for __main
    system_stm32f10x.o(i.SystemCoreClockUpdate) refers to system_stm32f10x.o(.data) for .data
    system_stm32f10x.o(i.SystemInit) refers to system_stm32f10x.o(i.SetSysClockTo72) for SetSysClockTo72
    stm32f10x_adc.o(i.ADC_DeInit) refers to stm32f10x_rcc.o(i.RCC_APB2PeriphResetCmd) for RCC_APB2PeriphResetCmd
    stm32f10x_bkp.o(i.BKP_DeInit) refers to stm32f10x_rcc.o(i.RCC_BackupResetCmd) for RCC_BackupResetCmd
    stm32f10x_can.o(i.CAN_DeInit) refers to stm32f10x_rcc.o(i.RCC_APB1PeriphResetCmd) for RCC_APB1PeriphResetCmd
    stm32f10x_can.o(i.CAN_GetITStatus) refers to stm32f10x_can.o(i.CheckITStatus) for CheckITStatus
    stm32f10x_cec.o(i.CEC_DeInit) refers to stm32f10x_rcc.o(i.RCC_APB1PeriphResetCmd) for RCC_APB1PeriphResetCmd
    stm32f10x_dac.o(i.DAC_DeInit) refers to stm32f10x_rcc.o(i.RCC_APB1PeriphResetCmd) for RCC_APB1PeriphResetCmd
    stm32f10x_flash.o(i.FLASH_EnableWriteProtection) refers to stm32f10x_flash.o(i.FLASH_WaitForLastOperation) for FLASH_WaitForLastOperation
    stm32f10x_flash.o(i.FLASH_EraseAllBank1Pages) refers to stm32f10x_flash.o(i.FLASH_WaitForLastBank1Operation) for FLASH_WaitForLastBank1Operation
    stm32f10x_flash.o(i.FLASH_EraseAllPages) refers to stm32f10x_flash.o(i.FLASH_WaitForLastOperation) for FLASH_WaitForLastOperation
    stm32f10x_flash.o(i.FLASH_EraseOptionBytes) refers to stm32f10x_flash.o(i.FLASH_GetReadOutProtectionStatus) for FLASH_GetReadOutProtectionStatus
    stm32f10x_flash.o(i.FLASH_EraseOptionBytes) refers to stm32f10x_flash.o(i.FLASH_WaitForLastOperation) for FLASH_WaitForLastOperation
    stm32f10x_flash.o(i.FLASH_ErasePage) refers to stm32f10x_flash.o(i.FLASH_WaitForLastOperation) for FLASH_WaitForLastOperation
    stm32f10x_flash.o(i.FLASH_ProgramHalfWord) refers to stm32f10x_flash.o(i.FLASH_WaitForLastOperation) for FLASH_WaitForLastOperation
    stm32f10x_flash.o(i.FLASH_ProgramOptionByteData) refers to stm32f10x_flash.o(i.FLASH_WaitForLastOperation) for FLASH_WaitForLastOperation
    stm32f10x_flash.o(i.FLASH_ProgramWord) refers to stm32f10x_flash.o(i.FLASH_WaitForLastOperation) for FLASH_WaitForLastOperation
    stm32f10x_flash.o(i.FLASH_ReadOutProtection) refers to stm32f10x_flash.o(i.FLASH_WaitForLastOperation) for FLASH_WaitForLastOperation
    stm32f10x_flash.o(i.FLASH_UserOptionByteConfig) refers to stm32f10x_flash.o(i.FLASH_WaitForLastOperation) for FLASH_WaitForLastOperation
    stm32f10x_flash.o(i.FLASH_WaitForLastBank1Operation) refers to stm32f10x_flash.o(i.FLASH_GetBank1Status) for FLASH_GetBank1Status
    stm32f10x_flash.o(i.FLASH_WaitForLastOperation) refers to stm32f10x_flash.o(i.FLASH_GetBank1Status) for FLASH_GetBank1Status
    stm32f10x_gpio.o(i.GPIO_AFIODeInit) refers to stm32f10x_rcc.o(i.RCC_APB2PeriphResetCmd) for RCC_APB2PeriphResetCmd
    stm32f10x_gpio.o(i.GPIO_DeInit) refers to stm32f10x_rcc.o(i.RCC_APB2PeriphResetCmd) for RCC_APB2PeriphResetCmd
    stm32f10x_i2c.o(i.I2C_DeInit) refers to stm32f10x_rcc.o(i.RCC_APB1PeriphResetCmd) for RCC_APB1PeriphResetCmd
    stm32f10x_i2c.o(i.I2C_Init) refers to stm32f10x_rcc.o(i.RCC_GetClocksFreq) for RCC_GetClocksFreq
    stm32f10x_pwr.o(i.PWR_DeInit) refers to stm32f10x_rcc.o(i.RCC_APB1PeriphResetCmd) for RCC_APB1PeriphResetCmd
    stm32f10x_rcc.o(i.RCC_GetClocksFreq) refers to stm32f10x_rcc.o(.data) for .data
    stm32f10x_rcc.o(i.RCC_WaitForHSEStartUp) refers to stm32f10x_rcc.o(i.RCC_GetFlagStatus) for RCC_GetFlagStatus
[...]
    Removing usb_sil.o(i.USB_SIL_Read), (36 bytes).
    Removing usb_sil.o(i.USB_SIL_Write), (40 bytes).
    Removing hw_config.o(i.GPIO_AINConfig), (2 bytes).
    Removing usb_endp.o(.bss), (64 bytes).
    Removing usb_pwr.o(i.PowerOff), (32 bytes).
    Removing usbio.o(.data), (1 bytes).
    Removing oled.o(i.OLED_Clear), (44 bytes).
    Removing oled.o(i.OLED_Display_Off), (30 bytes).
    Removing oled.o(i.OLED_Display_On), (30 bytes).
    Removing oled.o(i.OLED_DrawPoint), (60 bytes).
    Removing oled.o(i.OLED_Fill), (56 bytes).
    Removing oled.o(i.OLED_Init), (336 bytes).
    Removing oled.o(i.OLED_Refresh_Gram), (72 bytes).
    Removing oled.o(i.OLED_ShowChar), (136 bytes).
    Removing oled.o(i.OLED_ShowNum), (120 bytes).
    Removing oled.o(i.OLED_ShowString), (62 bytes).
    Removing oled.o(i.OLED_WR_Byte), (116 bytes).
    Removing oled.o(i.oled_pow), (20 bytes).
    Removing oled.o(.bss), (1024 bytes).
    Removing oled.o(.constdata), (2660 bytes).
    Removing delay.o(i.delay_init), (48 bytes).
    Removing delay.o(i.delay_ms), (52 bytes).
    Removing delay.o(i.delay_us), (52 bytes).
    Removing delay.o(.data), (4 bytes).
    Removing main.o(i.EXTI2_IRQHandle), (16 bytes).
    Removing main.o(i.EXTI3_IRQHandle), (28 bytes).
    Removing stm32f10x_it.o(i.OTG_FS_WKUP_IRQHandler), (6 bytes).
    Removing usart.o(i.fgetc), (32 bytes).
    Removing blooth.o(i.blooth_Config), (124 bytes).
    Removing blooth.o(i.blooth_NVIC_Config), (40 bytes).
    Removing blooth.o(i.blooth_initial), (14 bytes).
    Removing blooth.o(i.blooth_printf), (256 bytes).
    Removing 51gp.o(i.GP_Config), (128 bytes).
    Removing 51gp.o(i.GP_NVIC_Config), (40 bytes).
    Removing 51gp.o(i.GP_initial), (14 bytes).
    Removing 51gp.o(i.GP_printf), (256 bytes).
    Removing powercontrol.o(i.BatteryC_vol), (4 bytes).
    Removing powercontrol.o(i.BatteryD_vol), (4 bytes).
    Removing powercontrol.o(i.Blooth_Down), (12 bytes).
    Removing powercontrol.o(i.Blooth_ON), (12 bytes).
    Removing powercontrol.o(i.Board_Down), (16 bytes).
    Removing powercontrol.o(i.Board_ON), (16 bytes).
    Removing powercontrol.o(i.GP_Down), (12 bytes).
    Removing powercontrol.o(i.GP_ON), (12 bytes).
    Removing powercontrol.o(i.IDrive_Down), (16 bytes).
    Removing powercontrol.o(i.IDrive_ON), (16 bytes).
    Removing powercontrol.o(i.power_initial), (76 bytes).
    Removing keyscan.o(i.GetKey), (4 bytes).

525 unused section(s) (total 21269 bytes) removed from the image.

==============================================================================

Image Symbol Table

    Local Symbols

    Symbol Name                              Value     Ov Type        Size  Object(Section)

    ../../../cmprslib/zerorunl2.c            0x00000000   Number         0  __dczerorl2.o ABSOLUTE
    ../../microlib/d2f.c                     0x00000000   Number         0  d2f.o ABSOLUTE
    ../../microlib/division.c                0x00000000   Number         0  uidiv.o ABSOLUTE
    ../../microlib/division.c                0x00000000   Number         0  uldiv.o ABSOLUTE
    ../../microlib/f2d.c                     0x00000000   Number         0  f2d.o ABSOLUTE
    ../../microlib/fpadd.c                   0x00000000   Number         0  dadd.o ABSOLUTE
    ../../microlib/fpdiv.c                   0x00000000   Number         0  ddiv.o ABSOLUTE
    ../../microlib/fpepilogue.c              0x00000000   Number         0  depilogue.o ABSOLUTE
    ../../microlib/fpepilogue.c              0x00000000   Number         0  fepilogue.o ABSOLUTE
    ../../microlib/fpfix.c                   0x00000000   Number         0  dfixul.o ABSOLUTE
    ../../microlib/fpflt.c                   0x00000000   Number         0  ffltui.o ABSOLUTE
    ../../microlib/fpmul.c                   0x00000000   Number         0  dmul.o ABSOLUTE
    ../../microlib/fpscalb.c                 0x00000000   Number         0  fscalb.o ABSOLUTE
    ../../microlib/init/entry.s              0x00000000   Number         0  entry5.o ABSOLUTE
    ../../microlib/init/entry.s              0x00000000   Number         0  entry8.o ABSOLUTE
    ../../microlib/init/entry.s              0x00000000   Number         0  entry2.o ABSOLUTE
    ../../microlib/init/entry.s              0x00000000   Number         0  entry7b.o ABSOLUTE
    ../../microlib/init/entry.s              0x00000000   Number         0  entry.o ABSOLUTE
    ../../microlib/init/entry.s              0x00000000   Number         0  entry7a.o ABSOLUTE
    ../../microlib/longlong.c                0x00000000   Number         0  llsshr.o ABSOLUTE
    ../../microlib/longlong.c                0x00000000   Number         0  llushr.o ABSOLUTE
    ../../microlib/longlong.c                0x00000000   Number         0  llshl.o ABSOLUTE
    ../../microlib/printf/printf.c           0x00000000   Number         0  printf5.o ABSOLUTE
    ../../microlib/printf/printf.c           0x00000000   Number         0  printf6.o ABSOLUTE
    ../../microlib/printf/printf.c           0x00000000   Number         0  printf4.o ABSOLUTE
    ../../microlib/printf/printf.c           0x00000000   Number         0  printf7.o ABSOLUTE
    ../../microlib/printf/printf.c           0x00000000   Number         0  printf8.o ABSOLUTE
    ../../microlib/printf/printf.c           0x00000000   Number         0  printfa.o ABSOLUTE
    ../../microlib/printf/printf.c           0x00000000   Number         0  printfb.o ABSOLUTE
    ../../microlib/printf/printf.c           0x00000000   Number         0  printf0.o ABSOLUTE
    ../../microlib/printf/printf.c           0x00000000   Number         0  printf1.o ABSOLUTE
    ../../microlib/printf/printf.c           0x00000000   Number         0  printf2.o ABSOLUTE
    ../../microlib/printf/printf.c           0x00000000   Number         0  printf3.o ABSOLUTE
    ../../microlib/printf/stubs.s            0x00000000   Number         0  stubs.o ABSOLUTE
    ../../microlib/stdio/streams.c           0x00000000   Number         0  stdout.o ABSOLUTE
    ../../microlib/stubs.s                   0x00000000   Number         0  iusefp.o ABSOLUTE
    ..\Libraries\CMSIS\CM3\CoreSupport\core_cm3.c 0x00000000   Number         0  core_cm3.o ABSOLUTE
    ..\Libraries\CMSIS\CM3\DeviceSupport\ST\STM32F10x\startup\arm\startup_stm32f10x_hd.s 0x00000000   Number         0  startup_stm32f10x_hd.o ABSOLUTE
    ..\Libraries\STM32F10x_StdPeriph_Driver\src\misc.c 0x00000000   Number         0  misc.o ABSOLUTE
    ..\Libraries\STM32F10x_StdPeriph_Driver\src\stm32f10x_adc.c 0x00000000   Number         0  stm32f10x_adc.o ABSOLUTE
    ..\Libraries\STM32F10x_StdPeriph_Driver\src\stm32f10x_bkp.c 0x00000000   Number         0  stm32f10x_bkp.o ABSOLUTE
    ..\Libraries\STM32F10x_StdPeriph_Driver\src\stm32f10x_can.c 0x00000000   Number         0  stm32f10x_can.o ABSOLUTE
    ..\Libraries\STM32F10x_StdPeriph_Driver\src\stm32f10x_cec.c 0x00000000   Number         0  stm32f10x_cec.o ABSOLUTE
    ..\Libraries\STM32F10x_StdPeriph_Driver\src\stm32f10x_crc.c 0x00000000   Number         0  stm32f10x_crc.o ABSOLUTE
    ..\Libraries\STM32F10x_StdPeriph_Driver\src\stm32f10x_dac.c 0x00000000   Number         0  stm32f10x_dac.o ABSOLUTE
    ..\Libraries\STM32F10x_StdPeriph_Driver\src\stm32f10x_dbgmcu.c 0x00000000   Number         0  stm32f10x_dbgmcu.o ABSOLUTE
    ..\Libraries\STM32F10x_StdPeriph_Driver\src\stm32f10x_dma.c 0x00000000   Number         0  stm32f10x_dma.o ABSOLUTE
    ..\Libraries\STM32F10x_StdPeriph_Driver\src\stm32f10x_exti.c 0x00000000   Number         0  stm32f10x_exti.o ABSOLUTE
    ..\Libraries\STM32F10x_StdPeriph_Driver\src\stm32f10x_flash.c 0x00000000   Number         0  stm32f10x_flash.o ABSOLUTE
    ..\Libraries\STM32F10x_StdPeriph_Driver\src\stm32f10x_fsmc.c 0x00000000   Number         0  stm32f10x_fsmc.o ABSOLUTE
    ..\Libraries\STM32F10x_StdPeriph_Driver\src\stm32f10x_gpio.c 0x00000000   Number         0  stm32f10x_gpio.o ABSOLUTE
    ..\Libraries\STM32F10x_StdPeriph_Driver\src\stm32f10x_i2c.c 0x00000000   Number         0  stm32f10x_i2c.o ABSOLUTE
    ..\Libraries\STM32F10x_StdPeriph_Driver\src\stm32f10x_iwdg.c 0x00000000   Number         0  stm32f10x_iwdg.o ABSOLUTE
    ..\Libraries\STM32F10x_StdPeriph_Driver\src\stm32f10x_pwr.c 0x00000000   Number         0  stm32f10x_pwr.o ABSOLUTE
    ..\Libraries\STM32F10x_StdPeriph_Driver\src\stm32f10x_rcc.c 0x00000000   Number         0  stm32f10x_rcc.o ABSOLUTE
    ..\Libraries\STM32F10x_StdPeriph_Driver\src\stm32f10x_rtc.c 0x00000000   Number         0  stm32f10x_rtc.o ABSOLUTE
    ..\Libraries\STM32F10x_StdPeriph_Driver\src\stm32f10x_sdio.c 0x00000000   Number         0  stm32f10x_sdio.o ABSOLUTE
    ..\Libraries\STM32F10x_StdPeriph_Driver\src\stm32f10x_spi.c 0x00000000   Number         0  stm32f10x_spi.o ABSOLUTE
    ..\Libraries\STM32F10x_StdPeriph_Driver\src\stm32f10x_tim.c 0x00000000   Number         0  stm32f10x_tim.o ABSOLUTE
    ..\Libraries\STM32F10x_StdPeriph_Driver\src\stm32f10x_usart.c 0x00000000   Number         0  stm32f10x_usart.o ABSOLUTE
    ..\Libraries\STM32F10x_StdPeriph_Driver\src\stm32f10x_wwdg.c 0x00000000   Number         0  stm32f10x_wwdg.o ABSOLUTE
    ..\Libraries\STM32_USB-FS-Device_Driver\src\otgd_fs_cal.c 0x00000000   Number         0  otgd_fs_cal.o ABSOLUTE
    ..\Libraries\STM32_USB-FS-Device_Driver\src\otgd_fs_dev.c 0x00000000   Number         0  otgd_fs_dev.o ABSOLUTE
    ..\Libraries\STM32_USB-FS-Device_Driver\src\otgd_fs_int.c 0x00000000   Number         0  otgd_fs_int.o ABSOLUTE
    ..\Libraries\STM32_USB-FS-Device_Driver\src\otgd_fs_pcd.c 0x00000000   Number         0  otgd_fs_pcd.o ABSOLUTE
    ..\Libraries\STM32_USB-FS-Device_Driver\src\usb_core.c 0x00000000   Number         0  usb_core.o ABSOLUTE
    ..\Libraries\STM32_USB-FS-Device_Driver\src\usb_init.c 0x00000000   Number         0  usb_init.o ABSOLUTE
    ..\Libraries\STM32_USB-FS-Device_Driver\src\usb_int.c 0x00000000   Number         0  usb_int.o ABSOLUTE
    ..\Libraries\STM32_USB-FS-Device_Driver\src\usb_mem.c 0x00000000   Number         0  usb_mem.o ABSOLUTE
    ..\Libraries\STM32_USB-FS-Device_Driver\src\usb_regs.c 0x00000000   Number         0  usb_regs.o ABSOLUTE
    ..\Libraries\STM32_USB-FS-Device_Driver\src\usb_sil.c 0x00000000   Number         0  usb_sil.o ABSOLUTE
    ..\User\51GP.c                           0x00000000   Number         0  51gp.o ABSOLUTE
    ..\User\PowerControl.c                   0x00000000   Number         0  powercontrol.o ABSOLUTE
    ..\User\USB\hw_config.c                  0x00000000   Number         0  hw_config.o ABSOLUTE
    ..\User\USB\usb_desc.c                   0x00000000   Number         0  usb_desc.o ABSOLUTE
    ..\User\USB\usb_endp.c                   0x00000000   Number         0  usb_endp.o ABSOLUTE
    ..\User\USB\usb_istr.c                   0x00000000   Number         0  usb_istr.o ABSOLUTE
    ..\User\USB\usb_prop.c                   0x00000000   Number         0  usb_prop.o ABSOLUTE
    ..\User\USB\usb_pwr.c                    0x00000000   Number         0  usb_pwr.o ABSOLUTE
    ..\User\adc.c                            0x00000000   Number         0  adc.o ABSOLUTE
    ..\User\blooth.c                         0x00000000   Number         0  blooth.o ABSOLUTE
    ..\User\delay.c                          0x00000000   Number         0  delay.o ABSOLUTE
    ..\User\exti.c                           0x00000000   Number         0  exti.o ABSOLUTE
    ..\User\keyscan.c                        0x00000000   Number         0  keyscan.o ABSOLUTE
    ..\User\main.c                           0x00000000   Number         0  main.o ABSOLUTE
    ..\User\oled.c                           0x00000000   Number         0  oled.o ABSOLUTE
    ..\User\stm32f10x_it.c                   0x00000000   Number         0  stm32f10x_it.o ABSOLUTE
    ..\User\system_stm32f10x.c               0x00000000   Number         0  system_stm32f10x.o ABSOLUTE
    ..\User\usart.c                          0x00000000   Number         0  usart.o ABSOLUTE
    ..\User\usbio.c                          0x00000000   Number         0  usbio.o ABSOLUTE
    ..\\Libraries\\CMSIS\\CM3\\CoreSupport\\core_cm3.c 0x00000000   Number         0  core_cm3.o ABSOLUTE
    cdrcmple.s                               0x00000000   Number         0  cdrcmple.o ABSOLUTE
    dc.s                                     0x00000000   Number         0  dc.o ABSOLUTE
    handlers.s                               0x00000000   Number         0  handlers.o ABSOLUTE
    init.s                                   0x00000000   Number         0  init.o ABSOLUTE
    RESET                                    0x08000000   Section      304  startup_stm32f10x_hd.o(RESET)
    .ARM.Collect$$$$00000000                 0x08000130   Section        0  entry.o(.ARM.Collect$$$$00000000)
    .ARM.Collect$$$$00000001                 0x08000130   Section        4  entry2.o(.ARM.Collect$$$$00000001)
    .ARM.Collect$$$$00000004                 0x08000134   Section        4  entry5.o(.ARM.Collect$$$$00000004)
    .ARM.Collect$$$$00000008                 0x08000138   Section        0  entry7b.o(.ARM.Collect$$$$00000008)
    .ARM.Collect$$$$00000009                 0x08000138   Section        8  entry8.o(.ARM.Collect$$$$00000009)
    .ARM.Collect$$$$00002712                 0x08000140   Section        4  entry2.o(.ARM.Collect$$$$00002712)
    __lit__00000000                          0x08000140   Data           4  entry2.o(.ARM.Collect$$$$00002712)
    .text                                    0x08000144   Section       36  startup_stm32f10x_hd.o(.text)
    .text                                    0x08000168   Section        0  fscalb.o(.text)
    .text                                    0x08000180   Section        0  dmul.o(.text)
    .text                                    0x08000260   Section        0  ffltui.o(.text)
    .text                                    0x0800026a   Section        0  f2d.o(.text)
    .text                                    0x08000296   Section        0  d2f.o(.text)
    .text                                    0x080002ce   Section        0  uidiv.o(.text)
    .text                                    0x080002fa   Section        0  uldiv.o(.text)
    .text                                    0x0800035c   Section        0  iusefp.o(.text)
    .text                                    0x0800035c   Section        0  fepilogue.o(.text)
    .text                                    0x080003c8   Section        0  depilogue.o(.text)
    .text                                    0x08000486   Section        0  dadd.o(.text)
    .text                                    0x080005d2   Section        0  ddiv.o(.text)
    .text                                    0x080006b0   Section        0  dfixul.o(.text)
    .text                                    0x080006e0   Section       40  cdrcmple.o(.text)
    .text                                    0x08000708   Section       36  init.o(.text)
    .text                                    0x0800072c   Section        0  llshl.o(.text)
    .text                                    0x0800074a   Section        0  llushr.o(.text)
    .text                                    0x0800076a   Section        0  llsshr.o(.text)
    .text                                    0x0800078e   Section        0  __dczerorl2.o(.text)
    i.ADC1_Init                              0x080007ec   Section        0  adc.o(i.ADC1_Init)
    i.ADC1_Mode_Config                       0x08000820   Section        0  adc.o(i.ADC1_Mode_Config)
    ADC1_Mode_Config                         0x08000821   Thumb Code   194  adc.o(i.ADC1_Mode_Config)
    i.ADC_Cmd                                0x080008f0   Section        0  stm32f10x_adc.o(i.ADC_Cmd)
    i.ADC_DMACmd                             0x08000904   Section        0  stm32f10x_adc.o(i.ADC_DMACmd)
    i.ADC_GetCalibrationStatus               0x08000918   Section        0  stm32f10x_adc.o(i.ADC_GetCalibrationStatus)
    i.ADC_GetResetCalibrationStatus          0x08000926   Section        0  stm32f10x_adc.o(i.ADC_GetResetCalibrationStatus)
    i.ADC_Init                               0x08000934   Section        0  stm32f10x_adc.o(i.ADC_Init)
    i.ADC_RegularChannelConfig               0x0800097c   Section        0  stm32f10x_adc.o(i.ADC_RegularChannelConfig)
    i.ADC_ResetCalibration                   0x080009f0   Section        0  stm32f10x_adc.o(i.ADC_ResetCalibration)
    i.ADC_SoftwareStartConvCmd               0x080009fa   Section        0  stm32f10x_adc.o(i.ADC_SoftwareStartConvCmd)
    i.ADC_StartCalibration                   0x08000a0e   Section        0  stm32f10x_adc.o(i.ADC_StartCalibration)
    i.BusFault_Handler                       0x08000a18   Section        0  stm32f10x_it.o(i.BusFault_Handler)
    i.ByteSwap                               0x08000a1a   Section        0  usb_regs.o(i.ByteSwap)
    i.CTR_LP                                 0x08000a24   Section        0  usb_int.o(i.CTR_LP)
    i.ClearDTOG_RX                           0x08000b60   Section        0  usb_regs.o(i.ClearDTOG_RX)
    i.ClearDTOG_TX                           0x08000b84   Section        0  usb_regs.o(i.ClearDTOG_TX)
    i.Clear_Status_Out                       0x08000ba8   Section        0  usb_regs.o(i.Clear_Status_Out)
    i.CustomHID_Data_Setup                   0x08000bc8   Section        0  usb_prop.o(i.CustomHID_Data_Setup)
    i.CustomHID_GetConfigDescriptor          0x08000c24   Section        0  usb_prop.o(i.CustomHID_GetConfigDescriptor)
    i.CustomHID_GetDeviceDescriptor          0x08000c30   Section        0  usb_prop.o(i.CustomHID_GetDeviceDescriptor)
    i.CustomHID_GetHIDDescriptor             0x08000c3c   Section        0  usb_prop.o(i.CustomHID_GetHIDDescriptor)
    i.CustomHID_GetProtocolValue             0x08000c48   Section        0  usb_prop.o(i.CustomHID_GetProtocolValue)
    i.CustomHID_GetReportDescriptor          0x08000c64   Section        0  usb_prop.o(i.CustomHID_GetReportDescriptor)
    i.CustomHID_GetStringDescriptor          0x08000c70   Section        0  usb_prop.o(i.CustomHID_GetStringDescriptor)
    i.CustomHID_Get_Interface_Setting        0x08000c90   Section        0  usb_prop.o(i.CustomHID_Get_Interface_Setting)
    i.CustomHID_NoData_Setup                 0x08000c9c   Section        0  usb_prop.o(i.CustomHID_NoData_Setup)
    i.CustomHID_Reset                        0x08000cbc   Section        0  usb_prop.o(i.CustomHID_Reset)
    i.CustomHID_SetConfiguration             0x08000d74   Section        0  usb_prop.o(i.CustomHID_SetConfiguration)
    i.CustomHID_SetDeviceAddress             0x08000d8c   Section        0  usb_prop.o(i.CustomHID_SetDeviceAddress)
    i.CustomHID_SetProtocol                  0x08000d98   Section        0  usb_prop.o(i.CustomHID_SetProtocol)
    i.CustomHID_Status_In                    0x08000db0   Section        0  usb_prop.o(i.CustomHID_Status_In)
    i.CustomHID_Status_Out                   0x08000db2   Section        0  usb_prop.o(i.CustomHID_Status_Out)
    i.CustomHID_init                         0x08000db4   Section        0  usb_prop.o(i.CustomHID_init)
    i.DMA_Cmd                                0x08000dd8   Section        0  stm32f10x_dma.o(i.DMA_Cmd)
    i.DMA_DeInit                             0x08000df0   Section        0  stm32f10x_dma.o(i.DMA_DeInit)
    i.DMA_Init                               0x08000ed4   Section        0  stm32f10x_dma.o(i.DMA_Init)
    i.DataStageIn                            0x08000f10   Section        0  usb_core.o(i.DataStageIn)
    DataStageIn                              0x08000f11   Thumb Code   162  usb_core.o(i.DataStageIn)
    i.DataStageOut                           0x08000fcc   Section        0  usb_core.o(i.DataStageOut)
    DataStageOut                             0x08000fcd   Thumb Code   146  usb_core.o(i.DataStageOut)
    i.Data_Setup0                            0x08001074   Section        0  usb_core.o(i.Data_Setup0)
    Data_Setup0                              0x08001075   Thumb Code   374  usb_core.o(i.Data_Setup0)
    i.DebugMon_Handler                       0x08001210   Section        0  stm32f10x_it.o(i.DebugMon_Handler)
    i.EP1_IN_Callback                        0x08001212   Section        0  usb_endp.o(i.EP1_IN_Callback)
    i.EP1_OUT_Callback                       0x08001214   Section        0  usb_endp.o(i.EP1_OUT_Callback)
    i.EP2_IN_Callback                        0x0800123c   Section        0  usb_endp.o(i.EP2_IN_Callback)
    i.EXTI_Init                              0x08001240   Section        0  stm32f10x_exti.o(i.EXTI_Init)
    i.EXTI_PD2_Config                        0x080012b0   Section        0  exti.o(i.EXTI_PD2_Config)
    i.Enter_LowPowerMode                     0x08001318   Section        0  hw_config.o(i.Enter_LowPowerMode)
    i.FLASH_PrefetchBufferCmd                0x0800131c   Section        0  stm32f10x_flash.o(i.FLASH_PrefetchBufferCmd)
    i.FLASH_SetLatency                       0x08001334   Section        0  stm32f10x_flash.o(i.FLASH_SetLatency)
    i.GPIO_EXTILineConfig                    0x08001348   Section        0  stm32f10x_gpio.o(i.GPIO_EXTILineConfig)
    i.GPIO_Init                              0x08001370   Section        0  stm32f10x_gpio.o(i.GPIO_Init)
    i.GPIO_ResetBits                         0x0800140c   Section        0  stm32f10x_gpio.o(i.GPIO_ResetBits)
    i.GPIO_SetBits                           0x08001410   Section        0  stm32f10x_gpio.o(i.GPIO_SetBits)
    i.GetEPRxAddr                            0x08001414   Section        0  usb_regs.o(i.GetEPRxAddr)
    i.GetEPTxAddr                            0x08001434   Section        0  usb_regs.o(i.GetEPTxAddr)
    i.Get_SerialNum                          0x08001450   Section        0  hw_config.o(i.Get_SerialNum)
    i.HardFault_Handler                      0x08001484   Section        0  stm32f10x_it.o(i.HardFault_Handler)
    i.In0_Process                            0x08001488   Section        0  usb_core.o(i.In0_Process)
    i.IntToUnicode                           0x080014e4   Section        0  hw_config.o(i.IntToUnicode)
    IntToUnicode                             0x080014e5   Thumb Code    54  hw_config.o(i.IntToUnicode)
    i.Leave_LowPowerMode                     0x0800151a   Section        0  hw_config.o(i.Leave_LowPowerMode)
    i.MemManage_Handler                      0x0800151c   Section        0  stm32f10x_it.o(i.MemManage_Handler)
    i.NMI_Handler                            0x0800151e   Section        0  stm32f10x_it.o(i.NMI_Handler)
    i.NOP_Process                            0x08001520   Section        0  usb_core.o(i.NOP_Process)
    i.NVIC_Init                              0x08001524   Section        0  misc.o(i.NVIC_Init)
    i.NVIC_PriorityGroupConfig               0x08001588   Section        0  misc.o(i.NVIC_PriorityGroupConfig)
    i.NoData_Setup0                          0x0800159c   Section        0  usb_core.o(i.NoData_Setup0)
    NoData_Setup0                            0x0800159d   Thumb Code   190  usb_core.o(i.NoData_Setup0)
    i.Out0_Process                           0x08001670   Section        0  usb_core.o(i.Out0_Process)
    i.PMAToUserBufferCopy                    0x080016b8   Section        0  usb_mem.o(i.PMAToUserBufferCopy)
    i.PendSV_Handler                         0x080016d4   Section        0  stm32f10x_it.o(i.PendSV_Handler)
    i.Post0_Process                          0x080016d8   Section        0  usb_core.o(i.Post0_Process)
    i.PowerOn                                0x0800171c   Section        0  usb_pwr.o(i.PowerOn)
    i.RCC_ADCCLKConfig                       0x08001748   Section        0  stm32f10x_rcc.o(i.RCC_ADCCLKConfig)
    i.RCC_AHBPeriphClockCmd                  0x0800175c   Section        0  stm32f10x_rcc.o(i.RCC_AHBPeriphClockCmd)
    i.RCC_APB1PeriphClockCmd                 0x08001774   Section        0  stm32f10x_rcc.o(i.RCC_APB1PeriphClockCmd)
    i.RCC_APB2PeriphClockCmd                 0x0800178c   Section        0  stm32f10x_rcc.o(i.RCC_APB2PeriphClockCmd)
    i.RCC_DeInit                             0x080017a4   Section        0  stm32f10x_rcc.o(i.RCC_DeInit)
    i.RCC_GetClocksFreq                      0x080017e4   Section        0  stm32f10x_rcc.o(i.RCC_GetClocksFreq)
    i.RCC_GetFlagStatus                      0x0800187c   Section        0  stm32f10x_rcc.o(i.RCC_GetFlagStatus)
    i.RCC_GetSYSCLKSource                    0x080018ac   Section        0  stm32f10x_rcc.o(i.RCC_GetSYSCLKSource)
    i.RCC_HCLKConfig                         0x080018bc   Section        0  stm32f10x_rcc.o(i.RCC_HCLKConfig)
    i.RCC_HSEConfig                          0x080018d0   Section        0  stm32f10x_rcc.o(i.RCC_HSEConfig)
    i.RCC_PCLK1Config                        0x08001904   Section        0  stm32f10x_rcc.o(i.RCC_PCLK1Config)
    i.RCC_PCLK2Config                        0x08001918   Section        0  stm32f10x_rcc.o(i.RCC_PCLK2Config)
    i.RCC_PLLCmd                             0x0800192c   Section        0  stm32f10x_rcc.o(i.RCC_PLLCmd)
    i.RCC_PLLConfig                          0x08001938   Section        0  stm32f10x_rcc.o(i.RCC_PLLConfig)
    i.RCC_SYSCLKConfig                       0x0800194c   Section        0  stm32f10x_rcc.o(i.RCC_SYSCLKConfig)
    i.RCC_USBCLKConfig                       0x08001960   Section        0  stm32f10x_rcc.o(i.RCC_USBCLKConfig)
    i.RCC_WaitForHSEStartUp                  0x0800196c   Section        0  stm32f10x_rcc.o(i.RCC_WaitForHSEStartUp)
    i.Resume                                 0x08001994   Section        0  usb_pwr.o(i.Resume)
    i.Resume_Init                            0x08001a10   Section        0  usb_pwr.o(i.Resume_Init)
    i.SVC_Handler                            0x08001a30   Section        0  stm32f10x_it.o(i.SVC_Handler)
    i.SetBTABLE                              0x08001a34   Section        0  usb_regs.o(i.SetBTABLE)
    i.SetDeviceAddress                       0x08001a44   Section        0  usb_core.o(i.SetDeviceAddress)
    i.SetEPRxAddr                            0x08001a88   Section        0  usb_regs.o(i.SetEPRxAddr)
    i.SetEPRxCount                           0x08001aa8   Section        0  usb_regs.o(i.SetEPRxCount)
    i.SetEPRxStatus                          0x08001ae8   Section        0  usb_regs.o(i.SetEPRxStatus)
    i.SetEPRxValid                           0x08001b18   Section        0  usb_regs.o(i.SetEPRxValid)
    i.SetEPTxAddr                            0x08001b3c   Section        0  usb_regs.o(i.SetEPTxAddr)
    i.SetEPTxCount                           0x08001b5c   Section        0  usb_regs.o(i.SetEPTxCount)
    i.SetEPTxStatus                          0x08001b78   Section        0  usb_regs.o(i.SetEPTxStatus)
    i.SetEPTxValid                           0x08001ba8   Section        0  usb_regs.o(i.SetEPTxValid)
    i.SetEPType                              0x08001bcc   Section        0  usb_regs.o(i.SetEPType)
    i.SetSysClockTo72                        0x08001be8   Section        0  system_stm32f10x.o(i.SetSysClockTo72)
    SetSysClockTo72                          0x08001be9   Thumb Code   138  system_stm32f10x.o(i.SetSysClockTo72)
    i.Set_System                             0x08001c7c   Section        0  hw_config.o(i.Set_System)
    i.Set_USBClock                           0x08001d3c   Section        0  hw_config.o(i.Set_USBClock)
    i.Setup0_Process                         0x08001d50   Section        0  usb_core.o(i.Setup0_Process)
    i.Standard_ClearFeature                  0x08001db8   Section        0  usb_core.o(i.Standard_ClearFeature)
    i.Standard_GetConfiguration              0x08001ea4   Section        0  usb_core.o(i.Standard_GetConfiguration)
    i.Standard_GetDescriptorData             0x08001ecc   Section        0  usb_core.o(i.Standard_GetDescriptorData)
    i.Standard_GetInterface                  0x08001ee8   Section        0  usb_core.o(i.Standard_GetInterface)
    i.Standard_GetStatus                     0x08001f10   Section        0  usb_core.o(i.Standard_GetStatus)
    i.Standard_SetConfiguration              0x08001fa0   Section        0  usb_core.o(i.Standard_SetConfiguration)
    i.Standard_SetDeviceFeature              0x08001fd8   Section        0  usb_core.o(i.Standard_SetDeviceFeature)
    i.Standard_SetEndPointFeature            0x08001ffc   Section        0  usb_core.o(i.Standard_SetEndPointFeature)
    i.Standard_SetInterface                  0x08002080   Section        0  usb_core.o(i.Standard_SetInterface)
    i.Suspend                                0x080020c8   Section        0  usb_pwr.o(i.Suspend)
    i.SysTick_Handler                        0x080020e8   Section        0  stm32f10x_it.o(i.SysTick_Handler)
    i.SystemInit                             0x080020ec   Section        0  system_stm32f10x.o(i.SystemInit)
    i.USART_Cmd                              0x0800213c   Section        0  stm32f10x_usart.o(i.USART_Cmd)
    i.USART_Configuration                    0x08002150   Section        0  usart.o(i.USART_Configuration)
    i.USART_GPIO_Configuration               0x08002190   Section        0  usart.o(i.USART_GPIO_Configuration)
    i.USART_GetFlagStatus                    0x080021cc   Section        0  stm32f10x_usart.o(i.USART_GetFlagStatus)
    i.USART_Init                             0x080021dc   Section        0  stm32f10x_usart.o(i.USART_Init)
    i.USART_RCC_Configuration                0x08002290   Section        0  usart.o(i.USART_RCC_Configuration)
    i.USART_SendData                         0x0800229a   Section        0  stm32f10x_usart.o(i.USART_SendData)
    i.USB_Cable_Config                       0x080022a4   Section        0  hw_config.o(i.USB_Cable_Config)
    i.USB_GetData                            0x080022bc   Section        0  usbio.o(i.USB_GetData)
    i.USB_Init                               0x080022e0   Section        0  usb_init.o(i.USB_Init)
    i.USB_Interrupts_Config                  0x08002308   Section        0  hw_config.o(i.USB_Interrupts_Config)
    i.USB_Istr                               0x08002330   Section        0  usb_istr.o(i.USB_Istr)
    i.USB_LP_CAN1_RX0_IRQHandler             0x080023f0   Section        0  stm32f10x_it.o(i.USB_LP_CAN1_RX0_IRQHandler)
    i.USB_SIL_Init                           0x080023f4   Section        0  usb_sil.o(i.USB_SIL_Init)
    i.USB_SendData                           0x08002414   Section        0  usbio.o(i.USB_SendData)
    i.UsageFault_Handler                     0x08002434   Section        0  stm32f10x_it.o(i.UsageFault_Handler)
    i.UserToPMABufferCopy                    0x08002438   Section        0  usb_mem.o(i.UserToPMABufferCopy)
    i.__0printf                              0x08002460   Section        0  printfa.o(i.__0printf)
    i.__scatterload_copy                     0x08002480   Section       14  handlers.o(i.__scatterload_copy)
    i.__scatterload_null                     0x0800248e   Section        2  handlers.o(i.__scatterload_null)
    i.__scatterload_zeroinit                 0x08002490   Section       14  handlers.o(i.__scatterload_zeroinit)
    i._fp_digits                             0x080024a0   Section        0  printfa.o(i._fp_digits)
    _fp_digits                               0x080024a1   Thumb Code   324  printfa.o(i._fp_digits)
    i._printf_core                           0x080025f8   Section        0  printfa.o(i._printf_core)
    _printf_core                             0x080025f9   Thumb Code  1782  printfa.o(i._printf_core)
    i._printf_post_padding                   0x08002cfc   Section        0  printfa.o(i._printf_post_padding)
    _printf_post_padding                     0x08002cfd   Thumb Code    38  printfa.o(i._printf_post_padding)
    i._printf_pre_padding                    0x08002d22   Section        0  printfa.o(i._printf_pre_padding)
    _printf_pre_padding                      0x08002d23   Thumb Code    48  printfa.o(i._printf_pre_padding)
    i.fputc                                  0x08002d54   Section        0  usart.o(i.fputc)
    i.main                                   0x08002d78   Section        0  main.o(i.main)
    .constdata                               0x08002f28   Section       18  usb_desc.o(.constdata)
    .constdata                               0x08002f3a   Section       41  usb_desc.o(.constdata)
    .constdata                               0x08002f63   Section       33  usb_desc.o(.constdata)
    .constdata                               0x08002f84   Section        4  usb_desc.o(.constdata)
    .constdata                               0x08002f88   Section       20  usb_desc.o(.constdata)
    .constdata                               0x08002f9c   Section       24  usb_desc.o(.constdata)
    .constdata                               0x08002fb4   Section      336  main.o(.constdata)
    .data                                    0x20000000   Section       20  stm32f10x_rcc.o(.data)
    ADCPrescTable                            0x20000000   Data           4  stm32f10x_rcc.o(.data)
    APBAHBPrescTable                         0x20000004   Data          16  stm32f10x_rcc.o(.data)
    .data                                    0x20000014   Section        4  usb_core.o(.data)
    .data                                    0x20000018   Section        1  usb_init.o(.data)
    .data                                    0x2000001c   Section       12  usb_init.o(.data)
    .data                                    0x20000028   Section        2  usb_init.o(.data)
    .data                                    0x2000002a   Section        4  usb_int.o(.data)
    .data                                    0x2000002e   Section        1  hw_config.o(.data)
    .data                                    0x2000002f   Section       26  usb_desc.o(.data)
    .data                                    0x20000049   Section        1  usb_endp.o(.data)
    .data                                    0x2000004a   Section        4  usb_istr.o(.data)
    .data                                    0x20000050   Section       28  usb_istr.o(.data)
    .data                                    0x2000006c   Section       28  usb_istr.o(.data)
    .data                                    0x20000088   Section        2  usb_prop.o(.data)
    .data                                    0x2000008c   Section      116  usb_prop.o(.data)
    .data                                    0x20000100   Section       36  usb_prop.o(.data)
    .data                                    0x20000124   Section        4  usb_pwr.o(.data)
    .data                                    0x20000128   Section        1  usb_pwr.o(.data)
    .data                                    0x20000129   Section        2  usb_pwr.o(.data)
    .data                                    0x2000012c   Section        8  main.o(.data)
    .data                                    0x20000134   Section        2  adc.o(.data)
    .data                                    0x20000138   Section        4  stdout.o(.data)
    .bss                                     0x2000013c   Section       28  usb_init.o(.bss)
    .bss                                     0x20000158   Section       64  usb_endp.o(.bss)
    STACK                                    0x20000198   Section     1024  startup_stm32f10x_hd.o(STACK)

    Global Symbols

    Symbol Name                              Value     Ov Type        Size  Object(Section)

    BuildAttributes$$THM_ISAv4$P$D$K$B$S$PE$A:L22UL41UL21$X:L11$S22US41US21$IEEE1$IW$USESV6$~STKCKD$USESV7$~SHL$OTIME$ROPI$EBA8$MICROLIB$REQ8$PRES8$EABIv2 0x00000000   Number         0  anon$$obj.o ABSOLUTE
    __ARM_use_no_argv                        0x00000000   Number         0  main.o ABSOLUTE
    _printf_a                                0x00000000   Number         0  stubs.o ABSOLUTE
    _printf_c                                0x00000000   Number         0  stubs.o ABSOLUTE
    _printf_charcount                        0x00000000   Number         0  stubs.o ABSOLUTE
    _printf_d                                0x00000000   Number         0  stubs.o ABSOLUTE
    _printf_e                                0x00000000   Number         0  stubs.o ABSOLUTE
    _printf_f                                0x00000000   Number         0  stubs.o ABSOLUTE
    _printf_flags                            0x00000000   Number         0  stubs.o ABSOLUTE
    _printf_fp_dec                           0x00000000   Number         0  stubs.o ABSOLUTE
    _printf_fp_hex                           0x00000000   Number         0  stubs.o ABSOLUTE
    _printf_g                                0x00000000   Number         0  stubs.o ABSOLUTE
    _printf_i                                0x00000000   Number         0  stubs.o ABSOLUTE
    _printf_int_dec                          0x00000000   Number         0  stubs.o ABSOLUTE
    _printf_l                                0x00000000   Number         0  stubs.o ABSOLUTE
    _printf_lc                               0x00000000   Number         0  stubs.o ABSOLUTE
    _printf_ll                               0x00000000   Number         0  stubs.o ABSOLUTE
    _printf_lld                              0x00000000   Number         0  stubs.o ABSOLUTE
    _printf_lli                              0x00000000   Number         0  stubs.o ABSOLUTE
    _printf_llo                              0x00000000   Number         0  stubs.o ABSOLUTE
    _printf_llu                              0x00000000   Number         0  stubs.o ABSOLUTE
    _printf_llx                              0x00000000   Number         0  stubs.o ABSOLUTE
    _printf_longlong_dec                     0x00000000   Number         0  stubs.o ABSOLUTE
    _printf_longlong_hex                     0x00000000   Number         0  stubs.o ABSOLUTE
    _printf_longlong_oct                     0x00000000   Number         0  stubs.o ABSOLUTE
    _printf_ls                               0x00000000   Number         0  stubs.o ABSOLUTE
    _printf_mbtowc                           0x00000000   Number         0  stubs.o ABSOLUTE
    _printf_n                                0x00000000   Number         0  stubs.o ABSOLUTE
    _printf_o                                0x00000000   Number         0  stubs.o ABSOLUTE
    _printf_p                                0x00000000   Number         0  stubs.o ABSOLUTE
    _printf_percent                          0x00000000   Number         0  stubs.o ABSOLUTE
    _printf_pre_padding                      0x00000000   Number         0  stubs.o ABSOLUTE
    _printf_return_value                     0x00000000   Number         0  stubs.o ABSOLUTE
    _printf_s                                0x00000000   Number         0  stubs.o ABSOLUTE
    _printf_sizespec                         0x00000000   Number         0  stubs.o ABSOLUTE
    _printf_str                              0x00000000   Number         0  stubs.o ABSOLUTE
    _printf_truncate_signed                  0x00000000   Number         0  stubs.o ABSOLUTE
    _printf_truncate_unsigned                0x00000000   Number         0  stubs.o ABSOLUTE
    _printf_u                                0x00000000   Number         0  stubs.o ABSOLUTE
    _printf_wc                               0x00000000   Number         0  stubs.o ABSOLUTE
    _printf_wctomb                           0x00000000   Number         0  stubs.o ABSOLUTE
    _printf_widthprec                        0x00000000   Number         0  stubs.o ABSOLUTE
    _printf_x                                0x00000000   Number         0  stubs.o ABSOLUTE
    _clock_init                               - Undefined Weak Reference
    __Vectors_Size                           0x00000130   Number         0  startup_stm32f10x_hd.o ABSOLUTE
    __Vectors                                0x08000000   Data           4  startup_stm32f10x_hd.o(RESET)
    __Vectors_End                            0x08000130   Data           0  startup_stm32f10x_hd.o(RESET)
    __main                                   0x08000131   Thumb Code     0  entry.o(.ARM.Collect$$$$00000000)
    _main_stk                                0x08000131   Thumb Code     0  entry2.o(.ARM.Collect$$$$00000001)
    _main_scatterload                        0x08000135   Thumb Code     0  entry5.o(.ARM.Collect$$$$00000004)
    __main_after_scatterload                 0x08000139   Thumb Code     0  entry5.o(.ARM.Collect$$$$00000004)
    _main_clock                              0x08000139   Thumb Code     0  entry7b.o(.ARM.Collect$$$$00000008)
    _main_init                               0x08000139   Thumb Code     0  entry8.o(.ARM.Collect$$$$00000009)
    Reset_Handler                            0x08000145   Thumb Code     8  startup_stm32f10x_hd.o(.text)
    ADC1_2_IRQHandler                        0x0800015f   Thumb Code     0  startup_stm32f10x_hd.o(.text)
    ADC3_IRQHandler                          0x0800015f   Thumb Code     0  startup_stm32f10x_hd.o(.text)
    CAN1_RX1_IRQHandler                      0x0800015f   Thumb Code     0  startup_stm32f10x_hd.o(.text)
    CAN1_SCE_IRQHandler                      0x0800015f   Thumb Code     0  startup_stm32f10x_hd.o(.text)
    DMA1_Channel1_IRQHandler                 0x0800015f   Thumb Code     0  startup_stm32f10x_hd.o(.text)
    DMA1_Channel2_IRQHandler                 0x0800015f   Thumb Code     0  startup_stm32f10x_hd.o(.text)
    DMA1_Channel3_IRQHandler                 0x0800015f   Thumb Code     0  startup_stm32f10x_hd.o(.text)
    DMA1_Channel4_IRQHandler                 0x0800015f   Thumb Code     0  startup_stm32f10x_hd.o(.text)
    DMA1_Channel5_IRQHandler                 0x0800015f   Thumb Code     0  startup_stm32f10x_hd.o(.text)
    DMA1_Channel6_IRQHandler                 0x0800015f   Thumb Code     0  startup_stm32f10x_hd.o(.text)
    DMA1_Channel7_IRQHandler                 0x0800015f   Thumb Code     0  startup_stm32f10x_hd.o(.text)
    DMA2_Channel1_IRQHandler                 0x0800015f   Thumb Code     0  startup_stm32f10x_hd.o(.text)
    DMA2_Channel2_IRQHandler                 0x0800015f   Thumb Code     0  startup_stm32f10x_hd.o(.text)
    DMA2_Channel3_IRQHandler                 0x0800015f   Thumb Code     0  startup_stm32f10x_hd.o(.text)
    DMA2_Channel4_5_IRQHandler               0x0800015f   Thumb Code     0  startup_stm32f10x_hd.o(.text)
    EXTI0_IRQHandler                         0x0800015f   Thumb Code     0  startup_stm32f10x_hd.o(.text)
    EXTI15_10_IRQHandler                     0x0800015f   Thumb Code     0  startup_stm32f10x_hd.o(.text)
    EXTI1_IRQHandler                         0x0800015f   Thumb Code     0  startup_stm32f10x_hd.o(.text)
    EXTI2_IRQHandler                         0x0800015f   Thumb Code     0  startup_stm32f10x_hd.o(.text)
    EXTI3_IRQHandler                         0x0800015f   Thumb Code     0  startup_stm32f10x_hd.o(.text)
    EXTI4_IRQHandler                         0x0800015f   Thumb Code     0  startup_stm32f10x_hd.o(.text)
    EXTI9_5_IRQHandler                       0x0800015f   Thumb Code     0  startup_stm32f10x_hd.o(.text)
    FLASH_IRQHandler                         0x0800015f   Thumb Code     0  startup_stm32f10x_hd.o(.text)
    FSMC_IRQHandler                          0x0800015f   Thumb Code     0  startup_stm32f10x_hd.o(.text)
    I2C1_ER_IRQHandler                       0x0800015f   Thumb Code     0  startup_stm32f10x_hd.o(.text)
    I2C1_EV_IRQHandler                       0x0800015f   Thumb Code     0  startup_stm32f10x_hd.o(.text)
    I2C2_ER_IRQHandler                       0x0800015f   Thumb Code     0  startup_stm32f10x_hd.o(.text)
    I2C2_EV_IRQHandler                       0x0800015f   Thumb Code     0  startup_stm32f10x_hd.o(.text)
    PVD_IRQHandler                           0x0800015f   Thumb Code     0  startup_stm32f10x_hd.o(.text)
    RCC_IRQHandler                           0x0800015f   Thumb Code     0  startup_stm32f10x_hd.o(.text)
    RTCAlarm_IRQHandler                      0x0800015f   Thumb Code     0  startup_stm32f10x_hd.o(.text)
    RTC_IRQHandler                           0x0800015f   Thumb Code     0  startup_stm32f10x_hd.o(.text)
    SDIO_IRQHandler                          0x0800015f   Thumb Code     0  startup_stm32f10x_hd.o(.text)
    SPI1_IRQHandler                          0x0800015f   Thumb Code     0  startup_stm32f10x_hd.o(.text)
    SPI2_IRQHandler                          0x0800015f   Thumb Code     0  startup_stm32f10x_hd.o(.text)
    SPI3_IRQHandler                          0x0800015f   Thumb Code     0  startup_stm32f10x_hd.o(.text)
    TAMPER_IRQHandler                        0x0800015f   Thumb Code     0  startup_stm32f10x_hd.o(.text)
    TIM1_BRK_IRQHandler                      0x0800015f   Thumb Code     0  startup_stm32f10x_hd.o(.text)
    TIM1_CC_IRQHandler                       0x0800015f   Thumb Code     0  startup_stm32f10x_hd.o(.text)
    TIM1_TRG_COM_IRQHandler                  0x0800015f   Thumb Code     0  startup_stm32f10x_hd.o(.text)
    TIM1_UP_IRQHandler                       0x0800015f   Thumb Code     0  startup_stm32f10x_hd.o(.text)
    TIM2_IRQHandler                          0x0800015f   Thumb Code     0  startup_stm32f10x_hd.o(.text)
    TIM3_IRQHandler                          0x0800015f   Thumb Code     0  startup_stm32f10x_hd.o(.text)
    TIM4_IRQHandler                          0x0800015f   Thumb Code     0  startup_stm32f10x_hd.o(.text)
    TIM5_IRQHandler                          0x0800015f   Thumb Code     0  startup_stm32f10x_hd.o(.text)
    TIM6_IRQHandler                          0x0800015f   Thumb Code     0  startup_stm32f10x_hd.o(.text)
    TIM7_IRQHandler                          0x0800015f   Thumb Code     0  startup_stm32f10x_hd.o(.text)
    TIM8_BRK_IRQHandler                      0x0800015f   Thumb Code     0  startup_stm32f10x_hd.o(.text)
    TIM8_CC_IRQHandler                       0x0800015f   Thumb Code     0  startup_stm32f10x_hd.o(.text)
    TIM8_TRG_COM_IRQHandler                  0x0800015f   Thumb Code     0  startup_stm32f10x_hd.o(.text)
    TIM8_UP_IRQHandler                       0x0800015f   Thumb Code     0  startup_stm32f10x_hd.o(.text)
    UART4_IRQHandler                         0x0800015f   Thumb Code     0  startup_stm32f10x_hd.o(.text)
    UART5_IRQHandler                         0x0800015f   Thumb Code     0  startup_stm32f10x_hd.o(.text)
    USART1_IRQHandler                        0x0800015f   Thumb Code     0  startup_stm32f10x_hd.o(.text)
    USART2_IRQHandler                        0x0800015f   Thumb Code     0  startup_stm32f10x_hd.o(.text)
    USART3_IRQHandler                        0x0800015f   Thumb Code     0  startup_stm32f10x_hd.o(.text)
    USBWakeUp_IRQHandler                     0x0800015f   Thumb Code     0  startup_stm32f10x_hd.o(.text)
    USB_HP_CAN1_TX_IRQHandler                0x0800015f   Thumb Code     0  startup_stm32f10x_hd.o(.text)
    WWDG_IRQHandler                          0x0800015f   Thumb Code     0  startup_stm32f10x_hd.o(.text)
    __ARM_scalbnf                            0x08000169   Thumb Code    24  fscalb.o(.text)
    scalbnf                                  0x08000169   Thumb Code     0  fscalb.o(.text)
    __aeabi_dmul                             0x08000181   Thumb Code   224  dmul.o(.text)
    __aeabi_ui2f                             0x08000261   Thumb Code    10  ffltui.o(.text)
    __aeabi_f2d                              0x0800026b   Thumb Code    44  f2d.o(.text)
    __aeabi_d2f                              0x08000297   Thumb Code    56  d2f.o(.text)
    __aeabi_uidiv                            0x080002cf   Thumb Code     0  uidiv.o(.text)
    __aeabi_uidivmod                         0x080002cf   Thumb Code    44  uidiv.o(.text)
    __aeabi_uldivmod                         0x080002fb   Thumb Code    98  uldiv.o(.text)
    __I$use$fp                               0x0800035d   Thumb Code     0  iusefp.o(.text)
    _float_round                             0x0800035d   Thumb Code    18  fepilogue.o(.text)
    _float_epilogue                          0x0800036f   Thumb Code    90  fepilogue.o(.text)
    _double_round                            0x080003c9   Thumb Code    26  depilogue.o(.text)
    _double_epilogue                         0x080003e3   Thumb Code   164  depilogue.o(.text)
    __aeabi_dadd                             0x08000487   Thumb Code   320  dadd.o(.text)
    __aeabi_dsub                             0x080005c7   Thumb Code     6  dadd.o(.text)
    __aeabi_drsub                            0x080005cd   Thumb Code     6  dadd.o(.text)
    __aeabi_ddiv                             0x080005d3   Thumb Code   222  ddiv.o(.text)
    __aeabi_d2ulz                            0x080006b1   Thumb Code    48  dfixul.o(.text)
    __aeabi_cdrcmple                         0x080006e1   Thumb Code    38  cdrcmple.o(.text)
    __scatterload                            0x08000709   Thumb Code    28  init.o(.text)
    __scatterload_rt2                        0x08000709   Thumb Code     0  init.o(.text)
    __aeabi_llsl                             0x0800072d   Thumb Code    30  llshl.o(.text)
    _ll_shift_l                              0x0800072d   Thumb Code     0  llshl.o(.text)
    __aeabi_llsr                             0x0800074b   Thumb Code    32  llushr.o(.text)
    _ll_ushift_r                             0x0800074b   Thumb Code     0  llushr.o(.text)
    __aeabi_lasr                             0x0800076b   Thumb Code    36  llsshr.o(.text)
    _ll_sshift_r                             0x0800076b   Thumb Code     0  llsshr.o(.text)
    __decompress                             0x0800078f   Thumb Code     0  __dczerorl2.o(.text)
    __decompress1                            0x0800078f   Thumb Code    92  __dczerorl2.o(.text)
    ADC1_Init                                0x080007ed   Thumb Code    48  adc.o(i.ADC1_Init)
    ADC_Cmd                                  0x080008f1   Thumb Code    20  stm32f10x_adc.o(i.ADC_Cmd)
    ADC_DMACmd                               0x08000905   Thumb Code    20  stm32f10x_adc.o(i.ADC_DMACmd)
    ADC_GetCalibrationStatus                 0x08000919   Thumb Code    14  stm32f10x_adc.o(i.ADC_GetCalibrationStatus)
    ADC_GetResetCalibrationStatus            0x08000927   Thumb Code    14  stm32f10x_adc.o(i.ADC_GetResetCalibrationStatus)
    ADC_Init                                 0x08000935   Thumb Code    62  stm32f10x_adc.o(i.ADC_Init)
    ADC_RegularChannelConfig                 0x0800097d   Thumb Code   116  stm32f10x_adc.o(i.ADC_RegularChannelConfig)
    ADC_ResetCalibration                     0x080009f1   Thumb Code    10  stm32f10x_adc.o(i.ADC_ResetCalibration)
    ADC_SoftwareStartConvCmd                 0x080009fb   Thumb Code    20  stm32f10x_adc.o(i.ADC_SoftwareStartConvCmd)
    ADC_StartCalibration                     0x08000a0f   Thumb Code    10  stm32f10x_adc.o(i.ADC_StartCalibration)
    BusFault_Handler                         0x08000a19   Thumb Code     2  stm32f10x_it.o(i.BusFault_Handler)
    ByteSwap                                 0x08000a1b   Thumb Code    10  usb_regs.o(i.ByteSwap)
    CTR_LP                                   0x08000a25   Thumb Code   292  usb_int.o(i.CTR_LP)
    ClearDTOG_RX                             0x08000b61   Thumb Code    32  usb_regs.o(i.ClearDTOG_RX)
    ClearDTOG_TX                             0x08000b85   Thumb Code    32  usb_regs.o(i.ClearDTOG_TX)
    Clear_Status_Out                         0x08000ba9   Thumb Code    26  usb_regs.o(i.Clear_Status_Out)
    CustomHID_Data_Setup                     0x08000bc9   Thumb Code    74  usb_prop.o(i.CustomHID_Data_Setup)
    CustomHID_GetConfigDescriptor            0x08000c25   Thumb Code     6  usb_prop.o(i.CustomHID_GetConfigDescriptor)
    CustomHID_GetDeviceDescriptor            0x08000c31   Thumb Code     6  usb_prop.o(i.CustomHID_GetDeviceDescriptor)
    CustomHID_GetHIDDescriptor               0x08000c3d   Thumb Code     6  usb_prop.o(i.CustomHID_GetHIDDescriptor)
    CustomHID_GetProtocolValue               0x08000c49   Thumb Code    18  usb_prop.o(i.CustomHID_GetProtocolValue)
    CustomHID_GetReportDescriptor            0x08000c65   Thumb Code     6  usb_prop.o(i.CustomHID_GetReportDescriptor)
    CustomHID_GetStringDescriptor            0x08000c71   Thumb Code    24  usb_prop.o(i.CustomHID_GetStringDescriptor)
    CustomHID_Get_Interface_Setting          0x08000c91   Thumb Code    10  usb_prop.o(i.CustomHID_Get_Interface_Setting)
    CustomHID_NoData_Setup                   0x08000c9d   Thumb Code    26  usb_prop.o(i.CustomHID_NoData_Setup)
    CustomHID_Reset                          0x08000cbd   Thumb Code   168  usb_prop.o(i.CustomHID_Reset)
    CustomHID_SetConfiguration               0x08000d75   Thumb Code    16  usb_prop.o(i.CustomHID_SetConfiguration)
    CustomHID_SetDeviceAddress               0x08000d8d   Thumb Code     8  usb_prop.o(i.CustomHID_SetDeviceAddress)
    CustomHID_SetProtocol                    0x08000d99   Thumb Code    14  usb_prop.o(i.CustomHID_SetProtocol)
    CustomHID_Status_In                      0x08000db1   Thumb Code     2  usb_prop.o(i.CustomHID_Status_In)
    CustomHID_Status_Out                     0x08000db3   Thumb Code     2  usb_prop.o(i.CustomHID_Status_Out)
    CustomHID_init                           0x08000db5   Thumb Code    28  usb_prop.o(i.CustomHID_init)
    DMA_Cmd                                  0x08000dd9   Thumb Code    22  stm32f10x_dma.o(i.DMA_Cmd)
    DMA_DeInit                               0x08000df1   Thumb Code   218  stm32f10x_dma.o(i.DMA_DeInit)
    DMA_Init                                 0x08000ed5   Thumb Code    58  stm32f10x_dma.o(i.DMA_Init)
    DebugMon_Handler                         0x08001211   Thumb Code     2  stm32f10x_it.o(i.DebugMon_Handler)
    EP1_IN_Callback                          0x08001213   Thumb Code     2  usb_endp.o(i.EP1_IN_Callback)
    EP1_OUT_Callback                         0x08001215   Thumb Code    30  usb_endp.o(i.EP1_OUT_Callback)
    EP2_IN_Callback                          0x0800123d   Thumb Code     2  usb_endp.o(i.EP2_IN_Callback)
    EXTI_Init                                0x08001241   Thumb Code   108  stm32f10x_exti.o(i.EXTI_Init)
    EXTI_PD2_Config                          0x080012b1   Thumb Code    98  exti.o(i.EXTI_PD2_Config)
    Enter_LowPowerMode                       0x08001319   Thumb Code     2  hw_config.o(i.Enter_LowPowerMode)
    FLASH_PrefetchBufferCmd                  0x0800131d   Thumb Code    18  stm32f10x_flash.o(i.FLASH_PrefetchBufferCmd)
    FLASH_SetLatency                         0x08001335   Thumb Code    14  stm32f10x_flash.o(i.FLASH_SetLatency)
    GPIO_EXTILineConfig                      0x08001349   Thumb Code    34  stm32f10x_gpio.o(i.GPIO_EXTILineConfig)
    GPIO_Init                                0x08001371   Thumb Code   156  stm32f10x_gpio.o(i.GPIO_Init)
    GPIO_ResetBits                           0x0800140d   Thumb Code     4  stm32f10x_gpio.o(i.GPIO_ResetBits)
    GPIO_SetBits                             0x08001411   Thumb Code     4  stm32f10x_gpio.o(i.GPIO_SetBits)
    GetEPRxAddr                              0x08001415   Thumb Code    22  usb_regs.o(i.GetEPRxAddr)
    GetEPTxAddr                              0x08001435   Thumb Code    20  usb_regs.o(i.GetEPTxAddr)
    Get_SerialNum                            0x08001451   Thumb Code    44  hw_config.o(i.Get_SerialNum)
    HardFault_Handler                        0x08001485   Thumb Code     2  stm32f10x_it.o(i.HardFault_Handler)
    In0_Process                              0x08001489   Thumb Code    80  usb_core.o(i.In0_Process)
    Leave_LowPowerMode                       0x0800151b   Thumb Code     2  hw_config.o(i.Leave_LowPowerMode)
    MemManage_Handler                        0x0800151d   Thumb Code     2  stm32f10x_it.o(i.MemManage_Handler)
    NMI_Handler                              0x0800151f   Thumb Code     2  stm32f10x_it.o(i.NMI_Handler)
    NOP_Process                              0x08001521   Thumb Code     2  usb_core.o(i.NOP_Process)
    NVIC_Init                                0x08001525   Thumb Code    90  misc.o(i.NVIC_Init)
    NVIC_PriorityGroupConfig                 0x08001589   Thumb Code    10  misc.o(i.NVIC_PriorityGroupConfig)
    Out0_Process                             0x08001671   Thumb Code    62  usb_core.o(i.Out0_Process)
    PMAToUserBufferCopy                      0x080016b9   Thumb Code    24  usb_mem.o(i.PMAToUserBufferCopy)
    PendSV_Handler                           0x080016d5   Thumb Code     2  stm32f10x_it.o(i.PendSV_Handler)
    Post0_Process                            0x080016d9   Thumb Code    52  usb_core.o(i.Post0_Process)
    PowerOn                                  0x0800171d   Thumb Code    36  usb_pwr.o(i.PowerOn)
    RCC_ADCCLKConfig                         0x08001749   Thumb Code    14  stm32f10x_rcc.o(i.RCC_ADCCLKConfig)
    RCC_AHBPeriphClockCmd                    0x0800175d   Thumb Code    18  stm32f10x_rcc.o(i.RCC_AHBPeriphClockCmd)
    RCC_APB1PeriphClockCmd                   0x08001775   Thumb Code    18  stm32f10x_rcc.o(i.RCC_APB1PeriphClockCmd)
    RCC_APB2PeriphClockCmd                   0x0800178d   Thumb Code    18  stm32f10x_rcc.o(i.RCC_APB2PeriphClockCmd)
    RCC_DeInit                               0x080017a5   Thumb Code    50  stm32f10x_rcc.o(i.RCC_DeInit)
    RCC_GetClocksFreq                        0x080017e5   Thumb Code   134  stm32f10x_rcc.o(i.RCC_GetClocksFreq)
    RCC_GetFlagStatus                        0x0800187d   Thumb Code    42  stm32f10x_rcc.o(i.RCC_GetFlagStatus)
    RCC_GetSYSCLKSource                      0x080018ad   Thumb Code    10  stm32f10x_rcc.o(i.RCC_GetSYSCLKSource)
    RCC_HCLKConfig                           0x080018bd   Thumb Code    14  stm32f10x_rcc.o(i.RCC_HCLKConfig)
    RCC_HSEConfig                            0x080018d1   Thumb Code    48  stm32f10x_rcc.o(i.RCC_HSEConfig)
    RCC_PCLK1Config                          0x08001905   Thumb Code    14  stm32f10x_rcc.o(i.RCC_PCLK1Config)
    RCC_PCLK2Config                          0x08001919   Thumb Code    16  stm32f10x_rcc.o(i.RCC_PCLK2Config)
    RCC_PLLCmd                               0x0800192d   Thumb Code     6  stm32f10x_rcc.o(i.RCC_PLLCmd)
    RCC_PLLConfig                            0x08001939   Thumb Code    16  stm32f10x_rcc.o(i.RCC_PLLConfig)
    RCC_SYSCLKConfig                         0x0800194d   Thumb Code    14  stm32f10x_rcc.o(i.RCC_SYSCLKConfig)
    RCC_USBCLKConfig                         0x08001961   Thumb Code     6  stm32f10x_rcc.o(i.RCC_USBCLKConfig)
    RCC_WaitForHSEStartUp                    0x0800196d   Thumb Code    38  stm32f10x_rcc.o(i.RCC_WaitForHSEStartUp)
    Resume                                   0x08001995   Thumb Code   116  usb_pwr.o(i.Resume)
    Resume_Init                              0x08001a11   Thumb Code    26  usb_pwr.o(i.Resume_Init)
    SVC_Handler                              0x08001a31   Thumb Code     2  stm32f10x_it.o(i.SVC_Handler)
    SetBTABLE                                0x08001a35   Thumb Code    10  usb_regs.o(i.SetBTABLE)
    SetDeviceAddress                         0x08001a45   Thumb Code    58  usb_core.o(i.SetDeviceAddress)
    SetEPRxAddr                              0x08001a89   Thumb Code    24  usb_regs.o(i.SetEPRxAddr)
    SetEPRxCount                             0x08001aa9   Thumb Code    56  usb_regs.o(i.SetEPRxCount)
    SetEPRxStatus                            0x08001ae9   Thumb Code    44  usb_regs.o(i.SetEPRxStatus)
    SetEPRxValid                             0x08001b19   Thumb Code    30  usb_regs.o(i.SetEPRxValid)
    SetEPTxAddr                              0x08001b3d   Thumb Code    22  usb_regs.o(i.SetEPTxAddr)
    SetEPTxCount                             0x08001b5d   Thumb Code    20  usb_regs.o(i.SetEPTxCount)
    SetEPTxStatus                            0x08001b79   Thumb Code    44  usb_regs.o(i.SetEPTxStatus)
    SetEPTxValid                             0x08001ba9   Thumb Code    30  usb_regs.o(i.SetEPTxValid)
    SetEPType                                0x08001bcd   Thumb Code    22  usb_regs.o(i.SetEPType)
    Set_System                               0x08001c7d   Thumb Code   180  hw_config.o(i.Set_System)
    Set_USBClock                             0x08001d3d   Thumb Code    20  hw_config.o(i.Set_USBClock)
    Setup0_Process                           0x08001d51   Thumb Code    92  usb_core.o(i.Setup0_Process)
    Standard_ClearFeature                    0x08001db9   Thumb Code   216  usb_core.o(i.Standard_ClearFeature)
    Standard_GetConfiguration                0x08001ea5   Thumb Code    30  usb_core.o(i.Standard_GetConfiguration)
    Standard_GetDescriptorData               0x08001ecd   Thumb Code    24  usb_core.o(i.Standard_GetDescriptorData)
    Standard_GetInterface                    0x08001ee9   Thumb Code    30  usb_core.o(i.Standard_GetInterface)
    Standard_GetStatus                       0x08001f11   Thumb Code   128  usb_core.o(i.Standard_GetStatus)
    Standard_SetConfiguration                0x08001fa1   Thumb Code    42  usb_core.o(i.Standard_SetConfiguration)
    Standard_SetDeviceFeature                0x08001fd9   Thumb Code    26  usb_core.o(i.Standard_SetDeviceFeature)
    Standard_SetEndPointFeature              0x08001ffd   Thumb Code   116  usb_core.o(i.Standard_SetEndPointFeature)
    Standard_SetInterface                    0x08002081   Thumb Code    60  usb_core.o(i.Standard_SetInterface)
    Suspend                                  0x080020c9   Thumb Code    26  usb_pwr.o(i.Suspend)
    SysTick_Handler                          0x080020e9   Thumb Code     2  stm32f10x_it.o(i.SysTick_Handler)
    SystemInit                               0x080020ed   Thumb Code    64  system_stm32f10x.o(i.SystemInit)
    USART_Cmd                                0x0800213d   Thumb Code    20  stm32f10x_usart.o(i.USART_Cmd)
    USART_Configuration                      0x08002151   Thumb Code    60  usart.o(i.USART_Configuration)
    USART_GPIO_Configuration                 0x08002191   Thumb Code    54  usart.o(i.USART_GPIO_Configuration)
    USART_GetFlagStatus                      0x080021cd   Thumb Code    14  stm32f10x_usart.o(i.USART_GetFlagStatus)
    USART_Init                               0x080021dd   Thumb Code   176  stm32f10x_usart.o(i.USART_Init)
    USART_RCC_Configuration                  0x08002291   Thumb Code    10  usart.o(i.USART_RCC_Configuration)
    USART_SendData                           0x0800229b   Thumb Code     8  stm32f10x_usart.o(i.USART_SendData)
    USB_Cable_Config                         0x080022a5   Thumb Code    20  hw_config.o(i.USB_Cable_Config)
    USB_GetData                              0x080022bd   Thumb Code    32  usbio.o(i.USB_GetData)
    USB_Init                                 0x080022e1   Thumb Code    22  usb_init.o(i.USB_Init)
    USB_Interrupts_Config                    0x08002309   Thumb Code    40  hw_config.o(i.USB_Interrupts_Config)
    USB_Istr                                 0x08002331   Thumb Code   170  usb_istr.o(i.USB_Istr)
    USB_LP_CAN1_RX0_IRQHandler               0x080023f1   Thumb Code     4  stm32f10x_it.o(i.USB_LP_CAN1_RX0_IRQHandler)
    USB_SIL_Init                             0x080023f5   Thumb Code    24  usb_sil.o(i.USB_SIL_Init)
    USB_SendData                             0x08002415   Thumb Code    32  usbio.o(i.USB_SendData)
    UsageFault_Handler                       0x08002435   Thumb Code     2  stm32f10x_it.o(i.UsageFault_Handler)
    UserToPMABufferCopy                      0x08002439   Thumb Code    34  usb_mem.o(i.UserToPMABufferCopy)
    __0printf                                0x08002461   Thumb Code    22  printfa.o(i.__0printf)
    __1printf                                0x08002461   Thumb Code     0  printfa.o(i.__0printf)
    __2printf                                0x08002461   Thumb Code     0  printfa.o(i.__0printf)
    __c89printf                              0x08002461   Thumb Code     0  printfa.o(i.__0printf)
    printf                                   0x08002461   Thumb Code     0  printfa.o(i.__0printf)
    __scatterload_copy                       0x08002481   Thumb Code    14  handlers.o(i.__scatterload_copy)
    __scatterload_null                       0x0800248f   Thumb Code     2  handlers.o(i.__scatterload_null)
    __scatterload_zeroinit                   0x08002491   Thumb Code    14  handlers.o(i.__scatterload_zeroinit)
    fputc                                    0x08002d55   Thumb Code    30  usart.o(i.fputc)
    main                                     0x08002d79   Thumb Code   294  main.o(i.main)
    CustomHID_DeviceDescriptor               0x08002f28   Data          18  usb_desc.o(.constdata)
    CustomHID_ConfigDescriptor               0x08002f3a   Data          41  usb_desc.o(.constdata)
    CustomHID_ReportDescriptor               0x08002f63   Data          33  usb_desc.o(.constdata)
    CustomHID_StringLangID                   0x08002f84   Data           4  usb_desc.o(.constdata)
    CustomHID_StringVendor                   0x08002f88   Data          20  usb_desc.o(.constdata)
    CustomHID_StringProduct                  0x08002f9c   Data          24  usb_desc.o(.constdata)
    Region$$Table$$Base                      0x08003104   Number         0  anon$$obj.o(Region$$Table)
    Region$$Table$$Limit                     0x08003124   Number         0  anon$$obj.o(Region$$Table)
    Data_Mul_MaxPacketSize                   0x20000014   Data           1  usb_core.o(.data)
    StatusInfo                               0x20000016   Data           2  usb_core.o(.data)
    EPindex                                  0x20000018   Data           1  usb_init.o(.data)
    pInformation                             0x2000001c   Data           4  usb_init.o(.data)
    pProperty                                0x20000020   Data           4  usb_init.o(.data)
    pUser_Standard_Requests                  0x20000024   Data           4  usb_init.o(.data)
    wInterrupt_Mask                          0x20000028   Data           2  usb_init.o(.data)
    SaveRState                               0x2000002a   Data           2  usb_int.o(.data)
    SaveTState                               0x2000002c   Data           2  usb_int.o(.data)
    HSEStartUpStatus                         0x2000002e   Data           1  hw_config.o(.data)
    CustomHID_StringSerial                   0x2000002f   Data          26  usb_desc.o(.data)
    USB_Received_Flag                        0x20000049   Data           1  usb_endp.o(.data)
    bIntPackSOF                              0x2000004a   Data           1  usb_istr.o(.data)
    wIstr                                    0x2000004c   Data           2  usb_istr.o(.data)
    pEpInt_IN                                0x20000050   Data          28  usb_istr.o(.data)
    pEpInt_OUT                               0x2000006c   Data          28  usb_istr.o(.data)
    Device_Table                             0x20000088   Data           2  usb_prop.o(.data)
    ProtocolValue                            0x2000008c   Data           4  usb_prop.o(.data)
    Device_Descriptor                        0x20000090   Data           8  usb_prop.o(.data)
    Config_Descriptor                        0x20000098   Data           8  usb_prop.o(.data)
    CustomHID_Report_Descriptor              0x200000a0   Data           8  usb_prop.o(.data)
    CustomHID_Descriptor                     0x200000a8   Data           8  usb_prop.o(.data)
    Device_Property                          0x200000b0   Data          48  usb_prop.o(.data)
    String_Descriptor                        0x200000e0   Data          32  usb_prop.o(.data)
    User_Standard_Requests                   0x20000100   Data          36  usb_prop.o(.data)
    bDeviceState                             0x20000124   Data           4  usb_pwr.o(.data)
    fSuspendEnabled                          0x20000128   Data           1  usb_pwr.o(.data)
    ResumeS                                  0x20000129   Data           2  usb_pwr.o(.data)
    GetKeynum                                0x2000012c   Data           1  main.o(.data)
    ADC_ConvertedValueLocal                  0x20000130   Data           4  main.o(.data)
    ADC_ConvertedValue                       0x20000134   Data           2  adc.o(.data)
    __stdout                                 0x20000138   Data           4  stdout.o(.data)
    Device_Info                              0x2000013c   Data          28  usb_init.o(.bss)
    USB_Receive_Buffer                       0x20000158   Data          64  usb_endp.o(.bss)
    __initial_sp                             0x20000598   Data           0  startup_stm32f10x_hd.o(STACK)



==============================================================================

Memory Map of the image

  Image Entry point : 0x08000131

  Load Region LR_IROM1 (Base: 0x08000000, Size: 0x00003260, Max: 0x00080000, ABSOLUTE, COMPRESSED[0x000031b8])

    Execution Region ER_IROM1 (Base: 0x08000000, Size: 0x00003124, Max: 0x00080000, ABSOLUTE)

    Base Addr    Size         Type   Attr      Idx    E Section Name        Object

    0x08000000   0x00000130   Data   RO            3    RESET               startup_stm32f10x_hd.o
    0x08000130   0x00000000   Code   RO         4515  * .ARM.Collect$$$$00000000  mc_w.l(entry.o)
    0x08000130   0x00000004   Code   RO         4789    .ARM.Collect$$$$00000001  mc_w.l(entry2.o)
    0x08000134   0x00000004   Code   RO         4792    .ARM.Collect$$$$00000004  mc_w.l(entry5.o)
    0x08000138   0x00000000   Code   RO         4794    .ARM.Collect$$$$00000008  mc_w.l(entry7b.o)
    0x08000138   0x00000008   Code   RO         4795    .ARM.Collect$$$$00000009  mc_w.l(entry8.o)
    0x08000140   0x00000004   Code   RO         4790    .ARM.Collect$$$$00002712  mc_w.l(entry2.o)
    0x08000144   0x00000024   Code   RO            4    .text               startup_stm32f10x_hd.o
    0x08000168   0x00000018   Code   RO         4779    .text               mf_w.l(fscalb.o)
    0x08000180   0x000000e0   Code   RO         4781    .text               mf_w.l(dmul.o)
    0x08000260   0x0000000a   Code   RO         4783    .text               mf_w.l(ffltui.o)
    0x0800026a   0x0000002c   Code   RO         4785    .text               mf_w.l(f2d.o)
    0x08000296   0x00000038   Code   RO         4787    .text               mf_w.l(d2f.o)
    0x080002ce   0x0000002c   Code   RO         4797    .text               mc_w.l(uidiv.o)
    0x080002fa   0x00000062   Code   RO         4799    .text               mc_w.l(uldiv.o)
    0x0800035c   0x00000000   Code   RO         4801    .text               mc_w.l(iusefp.o)
    0x0800035c   0x0000006c   Code   RO         4802    .text               mf_w.l(fepilogue.o)
    0x080003c8   0x000000be   Code   RO         4804    .text               mf_w.l(depilogue.o)
    0x08000486   0x0000014c   Code   RO         4806    .text               mf_w.l(dadd.o)
    0x080005d2   0x000000de   Code   RO         4808    .text               mf_w.l(ddiv.o)
    0x080006b0   0x00000030   Code   RO         4810    .text               mf_w.l(dfixul.o)
    0x080006e0   0x00000028   Code   RO         4812    .text               mf_w.l(cdrcmple.o)
    0x08000708   0x00000024   Code   RO         4814    .text               mc_w.l(init.o)
    0x0800072c   0x0000001e   Code   RO         4816    .text               mc_w.l(llshl.o)
    0x0800074a   0x00000020   Code   RO         4818    .text               mc_w.l(llushr.o)
    0x0800076a   0x00000024   Code   RO         4820    .text               mc_w.l(llsshr.o)
    0x0800078e   0x0000005c   Code   RO         4830    .text               mc_w.l(__dczerorl2.o)
    0x080007ea   0x00000002   PAD
    0x080007ec   0x00000034   Code   RO         4471    i.ADC1_Init         adc.o
    0x08000820   0x000000d0   Code   RO         4472    i.ADC1_Mode_Config  adc.o
    0x080008f0   0x00000014   Code   RO          178    i.ADC_Cmd           stm32f10x_adc.o
    0x08000904   0x00000014   Code   RO          179    i.ADC_DMACmd        stm32f10x_adc.o
    0x08000918   0x0000000e   Code   RO          186    i.ADC_GetCalibrationStatus  stm32f10x_adc.o
    0x08000926   0x0000000e   Code   RO          192    i.ADC_GetResetCalibrationStatus  stm32f10x_adc.o
    0x08000934   0x00000048   Code   RO          196    i.ADC_Init          stm32f10x_adc.o
    0x0800097c   0x00000074   Code   RO          200    i.ADC_RegularChannelConfig  stm32f10x_adc.o
    0x080009f0   0x0000000a   Code   RO          201    i.ADC_ResetCalibration  stm32f10x_adc.o
    0x080009fa   0x00000014   Code   RO          203    i.ADC_SoftwareStartConvCmd  stm32f10x_adc.o
    0x08000a0e   0x0000000a   Code   RO          205    i.ADC_StartCalibration  stm32f10x_adc.o
    0x08000a18   0x00000002   Code   RO         4219    i.BusFault_Handler  stm32f10x_it.o
    0x08000a1a   0x0000000a   Code   RO         3323    i.ByteSwap          usb_regs.o
    0x08000a24   0x0000013c   Code   RO         3276    i.CTR_LP            usb_int.o
    0x08000b60   0x00000024   Code   RO         3324    i.ClearDTOG_RX      usb_regs.o
    0x08000b84   0x00000024   Code   RO         3325    i.ClearDTOG_TX      usb_regs.o
    0x08000ba8   0x00000020   Code   RO         3330    i.Clear_Status_Out  usb_regs.o
    0x08000bc8   0x0000005c   Code   RO         3856    i.CustomHID_Data_Setup  usb_prop.o
    0x08000c24   0x0000000c   Code   RO         3857    i.CustomHID_GetConfigDescriptor  usb_prop.o
    0x08000c30   0x0000000c   Code   RO         3858    i.CustomHID_GetDeviceDescriptor  usb_prop.o
    0x08000c3c   0x0000000c   Code   RO         3859    i.CustomHID_GetHIDDescriptor  usb_prop.o
    0x08000c48   0x0000001c   Code   RO         3860    i.CustomHID_GetProtocolValue  usb_prop.o
    0x08000c64   0x0000000c   Code   RO         3861    i.CustomHID_GetReportDescriptor  usb_prop.o
    0x08000c70   0x00000020   Code   RO         3862    i.CustomHID_GetStringDescriptor  usb_prop.o
    0x08000c90   0x0000000a   Code   RO         3863    i.CustomHID_Get_Interface_Setting  usb_prop.o
    0x08000c9a   0x00000002   PAD
    0x08000c9c   0x00000020   Code   RO         3864    i.CustomHID_NoData_Setup  usb_prop.o
    0x08000cbc   0x000000b8   Code   RO         3865    i.CustomHID_Reset   usb_prop.o
    0x08000d74   0x00000018   Code   RO         3866    i.CustomHID_SetConfiguration  usb_prop.o
    0x08000d8c   0x0000000c   Code   RO         3867    i.CustomHID_SetDeviceAddress  usb_prop.o
    0x08000d98   0x00000018   Code   RO         3868    i.CustomHID_SetProtocol  usb_prop.o
    0x08000db0   0x00000002   Code   RO         3869    i.CustomHID_Status_In  usb_prop.o
    0x08000db2   0x00000002   Code   RO         3870    i.CustomHID_Status_Out  usb_prop.o
    0x08000db4   0x00000024   Code   RO         3871    i.CustomHID_init    usb_prop.o
    0x08000dd8   0x00000016   Code   RO          863    i.DMA_Cmd           stm32f10x_dma.o
    0x08000dee   0x00000002   PAD
    0x08000df0   0x000000e4   Code   RO          864    i.DMA_DeInit        stm32f10x_dma.o
    0x08000ed4   0x0000003a   Code   RO          869    i.DMA_Init          stm32f10x_dma.o
    0x08000f0e   0x00000002   PAD
    0x08000f10   0x000000bc   Code   RO         3097    i.DataStageIn       usb_core.o
    0x08000fcc   0x000000a8   Code   RO         3098    i.DataStageOut      usb_core.o
    0x08001074   0x0000019c   Code   RO         3099    i.Data_Setup0       usb_core.o
    0x08001210   0x00000002   Code   RO         4220    i.DebugMon_Handler  stm32f10x_it.o
    0x08001212   0x00000002   Code   RO         3801    i.EP1_IN_Callback   usb_endp.o
    0x08001214   0x00000028   Code   RO         3802    i.EP1_OUT_Callback  usb_endp.o
    0x0800123c   0x00000002   Code   RO         3803    i.EP2_IN_Callback   usb_endp.o
    0x0800123e   0x00000002   PAD
    0x08001240   0x00000070   Code   RO          939    i.EXTI_Init         stm32f10x_exti.o
    0x080012b0   0x00000068   Code   RO         4503    i.EXTI_PD2_Config   exti.o
    0x08001318   0x00000002   Code   RO         3707    i.Enter_LowPowerMode  hw_config.o
    0x0800131a   0x00000002   PAD
    0x0800131c   0x00000018   Code   RO         1004    i.FLASH_PrefetchBufferCmd  stm32f10x_flash.o
    0x08001334   0x00000014   Code   RO         1009    i.FLASH_SetLatency  stm32f10x_flash.o
    0x08001348   0x00000028   Code   RO         1282    i.GPIO_EXTILineConfig  stm32f10x_gpio.o
    0x08001370   0x0000009c   Code   RO         1285    i.GPIO_Init         stm32f10x_gpio.o
    0x0800140c   0x00000004   Code   RO         1292    i.GPIO_ResetBits    stm32f10x_gpio.o
    0x08001410   0x00000004   Code   RO         1293    i.GPIO_SetBits      stm32f10x_gpio.o
    0x08001414   0x00000020   Code   RO         3342    i.GetEPRxAddr       usb_regs.o
    0x08001434   0x0000001c   Code   RO         3345    i.GetEPTxAddr       usb_regs.o
    0x08001450   0x00000034   Code   RO         3709    i.Get_SerialNum     hw_config.o
    0x08001484   0x00000002   Code   RO         4221    i.HardFault_Handler  stm32f10x_it.o
    0x08001486   0x00000002   PAD
    0x08001488   0x0000005c   Code   RO         3100    i.In0_Process       usb_core.o
    0x080014e4   0x00000036   Code   RO         3710    i.IntToUnicode      hw_config.o
    0x0800151a   0x00000002   Code   RO         3711    i.Leave_LowPowerMode  hw_config.o
    0x0800151c   0x00000002   Code   RO         4222    i.MemManage_Handler  stm32f10x_it.o
    0x0800151e   0x00000002   Code   RO         4223    i.NMI_Handler       stm32f10x_it.o
    0x08001520   0x00000002   Code   RO         3101    i.NOP_Process       usb_core.o
    0x08001522   0x00000002   PAD
    0x08001524   0x00000064   Code   RO          132    i.NVIC_Init         misc.o
    0x08001588   0x00000014   Code   RO          133    i.NVIC_PriorityGroupConfig  misc.o
    0x0800159c   0x000000d4   Code   RO         3102    i.NoData_Setup0     usb_core.o
    0x08001670   0x00000048   Code   RO         3103    i.Out0_Process      usb_core.o
    0x080016b8   0x0000001c   Code   RO         3305    i.PMAToUserBufferCopy  usb_mem.o
    0x080016d4   0x00000002   Code   RO         4225    i.PendSV_Handler    stm32f10x_it.o
    0x080016d6   0x00000002   PAD
    0x080016d8   0x00000044   Code   RO         3104    i.Post0_Process     usb_core.o
    0x0800171c   0x0000002c   Code   RO         3972    i.PowerOn           usb_pwr.o
    0x08001748   0x00000014   Code   RO         1699    i.RCC_ADCCLKConfig  stm32f10x_rcc.o
    0x0800175c   0x00000018   Code   RO         1700    i.RCC_AHBPeriphClockCmd  stm32f10x_rcc.o
    0x08001774   0x00000018   Code   RO         1701    i.RCC_APB1PeriphClockCmd  stm32f10x_rcc.o
    0x0800178c   0x00000018   Code   RO         1703    i.RCC_APB2PeriphClockCmd  stm32f10x_rcc.o
    0x080017a4   0x00000040   Code   RO         1710    i.RCC_DeInit        stm32f10x_rcc.o
    0x080017e4   0x00000098   Code   RO         1711    i.RCC_GetClocksFreq  stm32f10x_rcc.o
    0x0800187c   0x00000030   Code   RO         1712    i.RCC_GetFlagStatus  stm32f10x_rcc.o
    0x080018ac   0x00000010   Code   RO         1714    i.RCC_GetSYSCLKSource  stm32f10x_rcc.o
    0x080018bc   0x00000014   Code   RO         1715    i.RCC_HCLKConfig    stm32f10x_rcc.o
    0x080018d0   0x00000034   Code   RO         1716    i.RCC_HSEConfig     stm32f10x_rcc.o
    0x08001904   0x00000014   Code   RO         1722    i.RCC_PCLK1Config   stm32f10x_rcc.o
    0x08001918   0x00000014   Code   RO         1723    i.RCC_PCLK2Config   stm32f10x_rcc.o
    0x0800192c   0x0000000c   Code   RO         1724    i.RCC_PLLCmd        stm32f10x_rcc.o
    0x08001938   0x00000014   Code   RO         1725    i.RCC_PLLConfig     stm32f10x_rcc.o
    0x0800194c   0x00000014   Code   RO         1728    i.RCC_SYSCLKConfig  stm32f10x_rcc.o
    0x08001960   0x0000000c   Code   RO         1729    i.RCC_USBCLKConfig  stm32f10x_rcc.o
    0x0800196c   0x00000026   Code   RO         1730    i.RCC_WaitForHSEStartUp  stm32f10x_rcc.o
    0x08001992   0x00000002   PAD
    0x08001994   0x0000007c   Code   RO         3973    i.Resume            usb_pwr.o
    0x08001a10   0x00000020   Code   RO         3974    i.Resume_Init       usb_pwr.o
    0x08001a30   0x00000002   Code   RO         4226    i.SVC_Handler       stm32f10x_it.o
    0x08001a32   0x00000002   PAD
    0x08001a34   0x00000010   Code   RO         3353    i.SetBTABLE         usb_regs.o
    0x08001a44   0x00000044   Code   RO         3105    i.SetDeviceAddress  usb_core.o
    0x08001a88   0x00000020   Code   RO         3367    i.SetEPRxAddr       usb_regs.o
    0x08001aa8   0x00000040   Code   RO         3368    i.SetEPRxCount      usb_regs.o
    0x08001ae8   0x00000030   Code   RO         3369    i.SetEPRxStatus     usb_regs.o
    0x08001b18   0x00000024   Code   RO         3370    i.SetEPRxValid      usb_regs.o
    0x08001b3c   0x00000020   Code   RO         3371    i.SetEPTxAddr       usb_regs.o
    0x08001b5c   0x0000001c   Code   RO         3372    i.SetEPTxCount      usb_regs.o
    0x08001b78   0x00000030   Code   RO         3373    i.SetEPTxStatus     usb_regs.o
    0x08001ba8   0x00000024   Code   RO         3374    i.SetEPTxValid      usb_regs.o
    0x08001bcc   0x0000001c   Code   RO         3375    i.SetEPType         usb_regs.o
    0x08001be8   0x00000094   Code   RO           10    i.SetSysClockTo72   system_stm32f10x.o
    0x08001c7c   0x000000c0   Code   RO         3712    i.Set_System        hw_config.o
    0x08001d3c   0x00000014   Code   RO         3713    i.Set_USBClock      hw_config.o
    0x08001d50   0x00000068   Code   RO         3106    i.Setup0_Process    usb_core.o
    0x08001db8   0x000000ec   Code   RO         3107    i.Standard_ClearFeature  usb_core.o
    0x08001ea4   0x00000028   Code   RO         3108    i.Standard_GetConfiguration  usb_core.o
    0x08001ecc   0x0000001c   Code   RO         3109    i.Standard_GetDescriptorData  usb_core.o
    0x08001ee8   0x00000028   Code   RO         3110    i.Standard_GetInterface  usb_core.o
    0x08001f10   0x00000090   Code   RO         3111    i.Standard_GetStatus  usb_core.o
    0x08001fa0   0x00000038   Code   RO         3112    i.Standard_SetConfiguration  usb_core.o
    0x08001fd8   0x00000024   Code   RO         3113    i.Standard_SetDeviceFeature  usb_core.o
    0x08001ffc   0x00000084   Code   RO         3114    i.Standard_SetEndPointFeature  usb_core.o
    0x08002080   0x00000048   Code   RO         3115    i.Standard_SetInterface  usb_core.o
    0x080020c8   0x00000020   Code   RO         3975    i.Suspend           usb_pwr.o
    0x080020e8   0x00000002   Code   RO         4227    i.SysTick_Handler   stm32f10x_it.o
    0x080020ea   0x00000002   PAD
    0x080020ec   0x00000050   Code   RO           12    i.SystemInit        system_stm32f10x.o
    0x0800213c   0x00000014   Code   RO         2855    i.USART_Cmd         stm32f10x_usart.o
    0x08002150   0x00000040   Code   RO         4294    i.USART_Configuration  usart.o
    0x08002190   0x0000003c   Code   RO         4295    i.USART_GPIO_Configuration  usart.o
    0x080021cc   0x0000000e   Code   RO         2858    i.USART_GetFlagStatus  stm32f10x_usart.o
    0x080021da   0x00000002   PAD
    0x080021dc   0x000000b4   Code   RO         2862    i.USART_Init        stm32f10x_usart.o
    0x08002290   0x0000000a   Code   RO         4296    i.USART_RCC_Configuration  usart.o
    0x0800229a   0x00000008   Code   RO         2872    i.USART_SendData    stm32f10x_usart.o
    0x080022a2   0x00000002   PAD
    0x080022a4   0x00000018   Code   RO         3714    i.USB_Cable_Config  hw_config.o
    0x080022bc   0x00000024   Code   RO         4015    i.USB_GetData       usbio.o
    0x080022e0   0x00000028   Code   RO         3249    i.USB_Init          usb_init.o
    0x08002308   0x00000028   Code   RO         3715    i.USB_Interrupts_Config  hw_config.o
    0x08002330   0x000000c0   Code   RO         3833    i.USB_Istr          usb_istr.o
    0x080023f0   0x00000004   Code   RO         4228    i.USB_LP_CAN1_RX0_IRQHandler  stm32f10x_it.o
    0x080023f4   0x00000020   Code   RO         3683    i.USB_SIL_Init      usb_sil.o
    0x08002414   0x00000020   Code   RO         4016    i.USB_SendData      usbio.o
    0x08002434   0x00000002   Code   RO         4229    i.UsageFault_Handler  stm32f10x_it.o
    0x08002436   0x00000002   PAD
    0x08002438   0x00000028   Code   RO         3306    i.UserToPMABufferCopy  usb_mem.o
    0x08002460   0x00000020   Code   RO         4751    i.__0printf         mc_w.l(printfa.o)
    0x08002480   0x0000000e   Code   RO         4824    i.__scatterload_copy  mc_w.l(handlers.o)
    0x0800248e   0x00000002   Code   RO         4825    i.__scatterload_null  mc_w.l(handlers.o)
    0x08002490   0x0000000e   Code   RO         4826    i.__scatterload_zeroinit  mc_w.l(handlers.o)
    0x0800249e   0x00000002   PAD
    0x080024a0   0x00000158   Code   RO         4758    i._fp_digits        mc_w.l(printfa.o)
    0x080025f8   0x00000704   Code   RO         4759    i._printf_core      mc_w.l(printfa.o)
    0x08002cfc   0x00000026   Code   RO         4760    i._printf_post_padding  mc_w.l(printfa.o)
    0x08002d22   0x00000030   Code   RO         4761    i._printf_pre_padding  mc_w.l(printfa.o)
    0x08002d52   0x00000002   PAD
    0x08002d54   0x00000024   Code   RO         4298    i.fputc             usart.o
    0x08002d78   0x000001b0   Code   RO         4161    i.main              main.o
    0x08002f28   0x00000012   Data   RO         3783    .constdata          usb_desc.o
    0x08002f3a   0x00000029   Data   RO         3784    .constdata          usb_desc.o
    0x08002f63   0x00000021   Data   RO         3785    .constdata          usb_desc.o
    0x08002f84   0x00000004   Data   RO         3786    .constdata          usb_desc.o
    0x08002f88   0x00000014   Data   RO         3787    .constdata          usb_desc.o
    0x08002f9c   0x00000018   Data   RO         3788    .constdata          usb_desc.o
    0x08002fb4   0x00000150   Data   RO         4162    .constdata          main.o
    0x08003104   0x00000020   Data   RO         4822    Region$$Table       anon$$obj.o


    Execution Region RW_IRAM1 (Base: 0x20000000, Size: 0x00000598, Max: 0x00010000, ABSOLUTE, COMPRESSED[0x00000094])

    Base Addr    Size         Type   Attr      Idx    E Section Name        Object

    0x20000000   0x00000014   Data   RW         1731    .data               stm32f10x_rcc.o
    0x20000014   0x00000004   Data   RW         3116    .data               usb_core.o
    0x20000018   0x00000001   Data   RW         3251    .data               usb_init.o
    0x20000019   0x00000003   PAD
    0x2000001c   0x0000000c   Data   RW         3252    .data               usb_init.o
    0x20000028   0x00000002   Data   RW         3254    .data               usb_init.o
    0x2000002a   0x00000004   Data   RW         3277    .data               usb_int.o
    0x2000002e   0x00000001   Data   RW         3716    .data               hw_config.o
    0x2000002f   0x0000001a   Data   RW         3789    .data               usb_desc.o
    0x20000049   0x00000001   Data   RW         3806    .data               usb_endp.o
    0x2000004a   0x00000004   Data   RW         3834    .data               usb_istr.o
    0x2000004e   0x00000002   PAD
    0x20000050   0x0000001c   Data   RW         3835    .data               usb_istr.o
    0x2000006c   0x0000001c   Data   RW         3836    .data               usb_istr.o
    0x20000088   0x00000002   Data   RW         3872    .data               usb_prop.o
    0x2000008a   0x00000002   PAD
    0x2000008c   0x00000074   Data   RW         3873    .data               usb_prop.o
    0x20000100   0x00000024   Data   RW         3874    .data               usb_prop.o
    0x20000124   0x00000004   Data   RW         3976    .data               usb_pwr.o
    0x20000128   0x00000001   Data   RW         3977    .data               usb_pwr.o
    0x20000129   0x00000002   Data   RW         3978    .data               usb_pwr.o
    0x2000012b   0x00000001   PAD
    0x2000012c   0x00000008   Data   RW         4163    .data               main.o
    0x20000134   0x00000002   Data   RW         4473    .data               adc.o
    0x20000136   0x00000002   PAD
    0x20000138   0x00000004   Data   RW         4796    .data               mc_w.l(stdout.o)
    0x2000013c   0x0000001c   Zero   RW         3250    .bss                usb_init.o
    0x20000158   0x00000040   Zero   RW         3804    .bss                usb_endp.o
    0x20000198   0x00000400   Zero   RW            1    STACK               startup_stm32f10x_hd.o


==============================================================================

Image component sizes


      Code (inc. data)   RO Data    RW Data    ZI Data      Debug   Object Name

       260         18          0          2          0       1545   adc.o
       104          6          0          0          0        830   exti.o
       386         24          0          1          0       4601   hw_config.o
       432        138        336          8          0       2147   main.o
       120         20          0          0          0       1559   misc.o
        36          8        304          0       1024        884   startup_stm32f10x_hd.o
       296         10          0          0          0       7501   stm32f10x_adc.o
       308         10          0          0          0       3602   stm32f10x_dma.o
       112          4          0          0          0       1068   stm32f10x_exti.o
        44         12          0          0          0       1069   stm32f10x_flash.o
       204          6          0          0          0       3726   stm32f10x_gpio.o
        22          0          0          0          0       3859   stm32f10x_it.o
       586        110          0         20          0      12112   stm32f10x_rcc.o
       222          4          0          0          0       4172   stm32f10x_usart.o
       228         26          0          0          0     254969   system_stm32f10x.o
       170         16          0          0          0       2129   usart.o
      2170        280          0          4          0      17787   usb_core.o
         0          0        140         26          0        996   usb_desc.o
        44         10          0          1         64       1954   usb_endp.o
        40         18          0         15         28       4030   usb_init.o
       316         24          0          4          0       1656   usb_int.o
       192         22          0         60          0       1256   usb_istr.o
        68         10          0          0          0       1784   usb_mem.o
       526        112          0        154          0      11453   usb_prop.o
       232         34          0          7          0       3186   usb_pwr.o
       542         98          0          0          0       8874   usb_regs.o
        32          8          0          0          0        479   usb_sil.o
        68          4          0          0          0       1522   usbio.o

    ----------------------------------------------------------------------
      7788       1032        812        312       1116     360750   Object Totals
         0          0         32          0          0          0   (incl. Generated)
        28          0          0         10          0          0   (incl. Padding)

    ----------------------------------------------------------------------

      Code (inc. data)   RO Data    RW Data    ZI Data      Debug   Library Member Name

        92          0          0          0          0          0   __dczerorl2.o
         0          0          0          0          0          0   entry.o
         8          4          0          0          0          0   entry2.o
         4          0          0          0          0          0   entry5.o
         0          0          0          0          0          0   entry7b.o
         8          4          0          0          0          0   entry8.o
        30          0          0          0          0          0   handlers.o
        36          8          0          0          0         68   init.o
         0          0          0          0          0          0   iusefp.o
        30          0          0          0          0         68   llshl.o
        36          0          0          0          0         68   llsshr.o
        32          0          0          0          0         68   llushr.o
      2258         88          0          0          0        444   printfa.o
         0          0          0          4          0          0   stdout.o
        44          0          0          0          0         80   uidiv.o
        98          0          0          0          0         92   uldiv.o
        40          2          0          0          0         68   cdrcmple.o
        56          0          0          0          0         88   d2f.o
       332          0          0          0          0        148   dadd.o
       222          0          0          0          0        100   ddiv.o
       190          0          0          0          0        176   depilogue.o
        48          0          0          0          0         68   dfixul.o
       224          0          0          0          0         96   dmul.o
        44          0          0          0          0         68   f2d.o
       108          0          0          0          0        168   fepilogue.o
        10          0          0          0          0         68   ffltui.o
        24          0          0          0          0         68   fscalb.o

    ----------------------------------------------------------------------
      3980        106          0          4          0       2004   Library Totals
         6          0          0          0          0          0   (incl. Padding)

    ----------------------------------------------------------------------

      Code (inc. data)   RO Data    RW Data    ZI Data      Debug   Library Name

      2676        104          0          4          0        888   mc_w.l
      1298          2          0          0          0       1116   mf_w.l

    ----------------------------------------------------------------------
      3980        106          0          4          0       2004   Library Totals

    ----------------------------------------------------------------------

==============================================================================


      Code (inc. data)   RO Data    RW Data    ZI Data      Debug   

     11768       1138        812        316       1116     354798   Grand Totals
     11768       1138        812        148       1116     354798   ELF Image Totals (compressed)
     11768       1138        812        148          0          0   ROM Totals

==============================================================================

    Total RO  Size (Code + RO Data)                12580 (  12.29kB)
    Total RW  Size (RW Data + ZI Data)              1432 (   1.40kB)
    Total ROM Size (Code + RO Data + RW Data)      12728 (  12.43kB)

==============================================================================

